 PhysXCooking_64

 Timestamp is 6519b5ea (Sun Oct  1 21:09:46 2023)

 Preferred load address is 0000000180000000

 Start         Length     Name                   Class
 0001:00000000 00000120H .text$di                CODE
 0001:00000120 00005c10H .text$mn                CODE
 0001:00005d30 00000040H .text$mn$00             CODE
 0001:00005d70 00000100H .text$x                 CODE
 0002:00000000 00000220H .idata$5                DATA
 0002:00000220 00000038H .00cfg                  DATA
 0002:00000258 00000008H .CRT$XCA                DATA
 0002:00000260 00000030H .CRT$XCU                DATA
 0002:00000290 00000008H .CRT$XCZ                DATA
 0002:00000298 00000008H .CRT$XIA                DATA
 0002:000002a0 00000008H .CRT$XIZ                DATA
 0002:000002a8 00000008H .CRT$XPA                DATA
 0002:000002b0 00000008H .CRT$XPZ                DATA
 0002:000002b8 00000008H .CRT$XTA                DATA
 0002:000002c0 00000010H .CRT$XTZ                DATA
 0002:000002c8 00000000H .gehcont$y              DATA
 0002:000002c8 00000000H .gfids$y                DATA
 0002:000002d0 00000db0H .rdata                  DATA
 0002:00001080 00000080H .rdata$CastGuardVftablesA DATA
 0002:00001100 00000080H .rdata$CastGuardVftablesC DATA
 0002:00001180 00000074H .rdata$r                DATA
 0002:000011f4 000000ccH .rdata$voltmd           DATA
 0002:000012c0 00000430H .rdata$zzzdbg           DATA
 0002:000016f0 00000008H .rtc$IAA                DATA
 0002:000016f8 00000010H .rtc$IMZ                DATA
 0002:00001708 00000008H .rtc$IZZ                DATA
 0002:00001710 00000008H .rtc$TAA                DATA
 0002:00001718 00000010H .rtc$TMZ                DATA
 0002:00001728 00000008H .rtc$TZZ                DATA
 0002:00001730 000007e4H .xdata                  DATA
 0002:00001f14 00000040H .didat$2                DATA
 0002:00001f54 00000024H .didat$3                DATA
 0002:00001f78 000000e0H .didat$4                DATA
 0002:00002058 000002a8H .didat$6                DATA
 0002:00002300 000000e0H .didat$7                DATA
 0002:000023e0 00000b04H .edata                  DATA
 0002:00002ee4 0000003cH .idata$2                DATA
 0002:00002f20 00000018H .idata$3                DATA
 0002:00002f38 00000220H .idata$4                DATA
 0002:00003158 00000542H .idata$6                DATA
 0003:00000000 00000058H .data                   DATA
 0003:00000058 00000090H .data$r                 DATA
 0003:000000e8 00000020H .data$rs                DATA
 0003:00000108 000000e8H .didat$5                DATA
 0003:000001f0 000006c8H .bss                    DATA
 0004:00000000 00000930H .pdata                  DATA
 0005:00000000 000000a0H .rsrc$01                DATA
 0005:000000a0 000004b0H .rsrc$02                DATA

  Address         Publics by Value              Rva+Base               Lib:Object

 0000:00000000       __AbsoluteZero             0000000000000000     <absolute>
 0000:00000000       ___safe_se_handler_count   0000000000000000     <absolute>
 0000:00000000       ___safe_se_handler_table   0000000000000000     <absolute>
 0000:00000000       __arm64x_extra_rfe_table   0000000000000000     <absolute>
 0000:00000000       __arm64x_extra_rfe_table_size 0000000000000000     <absolute>
 0000:00000000       __arm64x_native_entrypoint 0000000000000000     <absolute>
 0000:00000000       __arm64x_redirection_metadata 0000000000000000     <absolute>
 0000:00000000       __arm64x_redirection_metadata_count 0000000000000000     <absolute>
 0000:00000000       __dynamic_value_reloc_table 0000000000000000     <absolute>
 0000:00000000       __enclave_config           0000000000000000     <absolute>
 0000:00000000       __guard_check_icall_a64n_fptr 0000000000000000     <absolute>
 0000:00000000       __guard_eh_cont_count      0000000000000000     <absolute>
 0000:00000000       __guard_eh_cont_table      0000000000000000     <absolute>
 0000:00000000       __guard_fids_count         0000000000000000     <absolute>
 0000:00000000       __guard_fids_table         0000000000000000     <absolute>
 0000:00000000       __guard_iat_count          0000000000000000     <absolute>
 0000:00000000       __guard_iat_table          0000000000000000     <absolute>
 0000:00000000       __guard_longjmp_count      0000000000000000     <absolute>
 0000:00000000       __guard_longjmp_table      0000000000000000     <absolute>
 0000:00000000       __hybrid_auxiliary_iat     0000000000000000     <absolute>
 0000:00000000       __hybrid_auxiliary_iat_copy 0000000000000000     <absolute>
 0000:00000000       __hybrid_code_map          0000000000000000     <absolute>
 0000:00000000       __hybrid_code_map_count    0000000000000000     <absolute>
 0000:00000000       __x64_code_ranges_to_entry_points 0000000000000000     <absolute>
 0000:00000000       __x64_code_ranges_to_entry_points_count 0000000000000000     <absolute>
 0000:00000100       __guard_flags              0000000000000100     <absolute>
 0000:00000000       __ImageBase                0000000180000000     <linker-defined>
 0001:00000120       PxGetStandaloneInsertionCallback 0000000180001120 f   Cooking.obj
 0001:00000140       PxCookBVH                  0000000180001140 f   Cooking.obj
 0001:00000170       PxCreateBVH                0000000180001170 f   Cooking.obj
 0001:000001a0       PxCookHeightField          00000001800011a0 f   Cooking.obj
 0001:000001d0       PxCreateHeightField        00000001800011d0 f   Cooking.obj
 0001:00000200       PxCookConvexMesh           0000000180001200 f   Cooking.obj
 0001:00000240       PxCreateConvexMesh         0000000180001240 f   Cooking.obj
 0001:00000280       PxValidateConvexMesh       0000000180001280 f   Cooking.obj
 0001:000002b0       PxComputeHullPolygons      00000001800012b0 f   Cooking.obj
 0001:00000330       PxValidateTriangleMesh     0000000180001330 f   Cooking.obj
 0001:00000360       PxCookTriangleMesh         0000000180001360 f   Cooking.obj
 0001:000003a0       PxCreateTriangleMesh       00000001800013a0 f   Cooking.obj
 0001:000003e0       PxCookTetrahedronMesh      00000001800013e0 f   Cooking.obj
 0001:00000420       PxCreateTetrahedronMesh    0000000180001420 f   Cooking.obj
 0001:00000460       PxCookSoftBodyMesh         0000000180001460 f   Cooking.obj
 0001:000004b0       PxCreateSoftBodyMesh       00000001800014b0 f   Cooking.obj
 0001:00000500       PxComputeModelsMapping     0000000180001500 f   Cooking.obj
 0001:00000550       PxComputeCollisionData     0000000180001550 f   Cooking.obj
 0001:00000580       PxComputeSimulationData    0000000180001580 f   Cooking.obj
 0001:000005b0       PxAssembleSoftBodyMesh     00000001800015b0 f   Cooking.obj
 0001:00000600       PxAssembleSoftBodyMesh_Sim 0000000180001600 f   Cooking.obj
 0001:00000640       PxCreateTriangleMeshInternal 0000000180001640 f   Cooking.obj
 0001:000006e0       PxCreateBVHInternal        00000001800016e0 f   Cooking.obj
 0001:00000780       ??$?4V?$PxReflectionAllocator@USlab@NodeAllocator@Gu@physx@@@physx@@@?$PxArray@USlab@NodeAllocator@Gu@physx@@V?$PxReflectionAllocator@USlab@NodeAllocator@Gu@physx@@@4@@physx@@QEAAAEAV01@AEBV01@@Z 0000000180001780 f i Cooking.obj
 0001:00000810       ??$copy@V?$PxReflectionAllocator@USlab@NodeAllocator@Gu@physx@@@physx@@@?$PxArray@USlab@NodeAllocator@Gu@physx@@V?$PxReflectionAllocator@USlab@NodeAllocator@Gu@physx@@@4@@physx@@IEAAXAEBV01@@Z 0000000180001810 f i Cooking.obj
 0001:000008d0       ??0?$PxArray@USlab@NodeAllocator@Gu@physx@@V?$PxReflectionAllocator@USlab@NodeAllocator@Gu@physx@@@4@@physx@@QEAA@AEBV01@AEBV?$PxReflectionAllocator@USlab@NodeAllocator@Gu@physx@@@1@@Z 00000001800018d0 f i Cooking.obj
 0001:00000910       ??0?$PxReflectionAllocator@USlab@NodeAllocator@Gu@physx@@@physx@@QEAA@AEBV01@@Z 0000000180001910 f i Cooking.obj
 0001:00000920       ??0?$PxReflectionAllocator@USlab@NodeAllocator@Gu@physx@@@physx@@QEAA@PEBD@Z 0000000180001920 f i Cooking.obj
 0001:00000930       ??0?$PxReflectionAllocator@VBV4TriangleMesh@Gu@physx@@@physx@@QEAA@PEBD@Z 0000000180001930 f i Cooking.obj
 0001:00000940       ??0?$PxReflectionAllocator@VBVH@Gu@physx@@@physx@@QEAA@PEBD@Z 0000000180001940 f i Cooking.obj
 0001:00000950       ??0?$PxVec3T@M@physx@@QEAA@XZ 0000000180001950 f i Cooking.obj
 0001:00000960       ??0AABBTreeBounds@Gu@physx@@QEAA@XZ 0000000180001960 f i Cooking.obj
 0001:00000990       ??0AABBTreeBuildNode@Gu@physx@@QEAA@AEBV012@@Z 0000000180001990 f i Cooking.obj
 0001:000009f0       ??0AABBTreeBuildNode@Gu@physx@@QEAA@XZ 00000001800019f0 f i Cooking.obj
 0001:00000a10       ??0AABBTreeBuildParams@Gu@physx@@QEAA@IIPEBVAABBTreeBounds@12@W4BVHBuildStrategy@12@@Z 0000000180001a10 f i Cooking.obj
 0001:00000a70       ??0NodeAllocator@Gu@physx@@QEAA@AEBV012@@Z 0000000180001a70 f i Cooking.obj
 0001:00000af0       ??0PxAllocator@physx@@QEAA@PEBD@Z 0000000180001af0 f i Cooking.obj
 0001:00000b00       ??0PxBounds3@physx@@QEAA@AEBV01@@Z 0000000180001b00 f i Cooking.obj
 0001:00000b70       ??0PxBounds3@physx@@QEAA@XZ 0000000180001b70 f i Cooking.obj
 0001:00000bb0       ??0PxFoundation@physx@@QEAA@AEBV01@@Z 0000000180001bb0 f i Cooking.obj
 0001:00000bd0       ??0PxFoundation@physx@@QEAA@XZ 0000000180001bd0 f i Cooking.obj
 0001:00000bf0       ??1AABBTreeBounds@Gu@physx@@QEAA@XZ 0000000180001bf0 f i Cooking.obj
 0001:00000c10       ??1AABBTreeBuildNode@Gu@physx@@QEAA@XZ 0000000180001c10 f i Cooking.obj
 0001:00000c20       ??1AABBTreeBuildParams@Gu@physx@@QEAA@XZ 0000000180001c20 f i Cooking.obj
 0001:00000c40       ??1PxFoundation@physx@@MEAA@XZ 0000000180001c40 f i Cooking.obj
 0001:00000c60       ??2@YAPEAX_KPEAX@Z         0000000180001c60 f i Cooking.obj
 0001:00000c70       ??2PxUserAllocated@physx@@SAPEAX_KPEAX@Z 0000000180001c70 f i Cooking.obj
 0001:00000c80       ??4?$PxArray@USlab@NodeAllocator@Gu@physx@@V?$PxReflectionAllocator@USlab@NodeAllocator@Gu@physx@@@4@@physx@@QEAAAEAV01@AEBV01@@Z 0000000180001c80 f i Cooking.obj
 0001:00000cb0       ??4?$PxVec3T@M@physx@@QEAAAEAV01@AEBV01@@Z 0000000180001cb0 f i Cooking.obj
 0001:00000d00       ??4AABBTreeBounds@Gu@physx@@QEAAAEAV012@AEBV012@@Z 0000000180001d00 f i Cooking.obj
 0001:00000d30       ??4AABBTreeBuildNode@Gu@physx@@QEAAAEAV012@AEBV012@@Z 0000000180001d30 f i Cooking.obj
 0001:00000d90       ??4AABBTreeBuildParams@Gu@physx@@QEAAAEAV012@AEBV012@@Z 0000000180001d90 f i Cooking.obj
 0001:00000dc0       ??4NodeAllocator@Gu@physx@@QEAAAEAV012@AEBV012@@Z 0000000180001dc0 f i Cooking.obj
 0001:00000e30       ??4PxBounds3@physx@@QEAAXAEBV01@@Z 0000000180001e30 f i Cooking.obj
 0001:00000e70       ??4PxFoundation@physx@@QEAAAEAV01@AEBV01@@Z 0000000180001e70 f i Cooking.obj
 0001:00000e80       ??_EPxFoundation@physx@@MEAAPEAXI@Z 0000000180001e80 f i Cooking.obj
 0001:00000f20       ??_FAABBTreeBuildParams@Gu@physx@@QEAAXXZ 0000000180001f20 f i Cooking.obj
 0001:00000f50       ??_GPxFoundation@physx@@MEAAPEAXI@Z 0000000180001f50 f i Cooking.obj
 0001:00000f90       ??_H@YAXPEAX_K1P6APEAX0@Z@Z 0000000180001f90 f i Cooking.obj
 0001:00001010       ??_I@YAXPEAX_K1P6AX0@Z@Z   0000000180002010 f i Cooking.obj
 0001:000010a0       ?FLoad@aos@physx@@YA?AT__m128@@M@Z 00000001800020a0 f i Cooking.obj
 0001:000010d0       ?PxMarkSerializedMemory@physx@@YAXPEAXI@Z 00000001800020d0 f i Cooking.obj
 0001:00001100       ?PxMemSet@physx@@YAPEAXPEAXHI@Z 0000000180002100 f i Cooking.obj
 0001:00001130       ?V3Load@aos@physx@@YA?AT__m128@@M@Z 0000000180002130 f i Cooking.obj
 0001:00001170       ?V4Load@aos@physx@@YA?AT__m128@@M@Z 0000000180002170 f i Cooking.obj
 0001:000011a0       ?__empty_global_delete@@YAXPEAX@Z 00000001800021a0 f i Cooking.obj
 0001:000011b0       ?__empty_global_delete@@YAXPEAX_K@Z 00000001800021b0 f i Cooking.obj
 0001:000011c0       ?__global_array_delete@@YAXPEAX@Z 00000001800021c0 f i Cooking.obj
 0001:000011e0       ?__global_array_delete@@YAXPEAX_K@Z 00000001800021e0 f i Cooking.obj
 0001:00001210       ?__global_delete@@YAXPEAX@Z 0000000180002210 f i Cooking.obj
 0001:00001230       ?__global_delete@@YAXPEAX_K@Z 0000000180002230 f i Cooking.obj
 0001:00001260       ?allocate@?$PxArray@USlab@NodeAllocator@Gu@physx@@V?$PxReflectionAllocator@USlab@NodeAllocator@Gu@physx@@@4@@physx@@IEAAPEAUSlab@NodeAllocator@Gu@2@I@Z 0000000180002260 f i Cooking.obj
 0001:000012c0       ?allocate@?$PxReflectionAllocator@USlab@NodeAllocator@Gu@physx@@@physx@@QEAAPEAX_KPEBDH@Z 00000001800022c0 f i Cooking.obj
 0001:00001340       ?allocate@?$PxReflectionAllocator@VBV4TriangleMesh@Gu@physx@@@physx@@QEAAPEAX_KPEBDH@Z 0000000180002340 f i Cooking.obj
 0001:000013c0       ?allocate@?$PxReflectionAllocator@VBVH@Gu@physx@@@physx@@QEAAPEAX_KPEBDH@Z 00000001800023c0 f i Cooking.obj
 0001:00001440       ?begin@?$PxArray@USlab@NodeAllocator@Gu@physx@@V?$PxReflectionAllocator@USlab@NodeAllocator@Gu@physx@@@4@@physx@@QEBAPEBUSlab@NodeAllocator@Gu@2@XZ 0000000180002440 f i Cooking.obj
 0001:00001450       ?capacity@?$PxArray@USlab@NodeAllocator@Gu@physx@@V?$PxReflectionAllocator@USlab@NodeAllocator@Gu@physx@@@4@@physx@@QEBAIXZ 0000000180002450 f i Cooking.obj
 0001:00001470       ?clear@?$PxArray@USlab@NodeAllocator@Gu@physx@@V?$PxReflectionAllocator@USlab@NodeAllocator@Gu@physx@@@4@@physx@@QEAAXXZ 0000000180002470 f i Cooking.obj
 0001:000014b0       ?copy@?$PxArray@USlab@NodeAllocator@Gu@physx@@V?$PxReflectionAllocator@USlab@NodeAllocator@Gu@physx@@@4@@physx@@KAXPEAUSlab@NodeAllocator@Gu@2@0PEBU3452@@Z 00000001800024b0 f i Cooking.obj
 0001:00001530       ?deallocate@?$PxArray@USlab@NodeAllocator@Gu@physx@@V?$PxReflectionAllocator@USlab@NodeAllocator@Gu@physx@@@4@@physx@@IEAAXPEAX@Z 0000000180002530 f i Cooking.obj
 0001:00001560       ?deallocate@?$PxReflectionAllocator@USlab@NodeAllocator@Gu@physx@@@physx@@QEAAXPEAX@Z 0000000180002560 f i Cooking.obj
 0001:000015a0       ?deallocate@PxAllocator@physx@@QEAAXPEAX@Z 00000001800025a0 f i Cooking.obj
 0001:000015e0       ?destroy@?$PxArray@USlab@NodeAllocator@Gu@physx@@V?$PxReflectionAllocator@USlab@NodeAllocator@Gu@physx@@@4@@physx@@KAXPEAUSlab@NodeAllocator@Gu@2@0@Z 00000001800025e0 f i Cooking.obj
 0001:00001610       ?empty@?$PxArray@USlab@NodeAllocator@Gu@physx@@V?$PxReflectionAllocator@USlab@NodeAllocator@Gu@physx@@@4@@physx@@QEBA_NXZ 0000000180002610 f i Cooking.obj
 0001:00001640       ?getAABB@AABBTreeBuildNode@Gu@physx@@QEBAAEBVPxBounds3@3@XZ 0000000180002640 f i Cooking.obj
 0001:00001650       ?getBounds@AABBTreeBounds@Gu@physx@@QEAAPEAVPxBounds3@3@XZ 0000000180002650 f i Cooking.obj
 0001:00001660       ?getBounds@AABBTreeBounds@Gu@physx@@QEBAPEBVPxBounds3@3@XZ 0000000180002660 f i Cooking.obj
 0001:00001670       ?getName@?$PxReflectionAllocator@USlab@NodeAllocator@Gu@physx@@@physx@@CAPEBD_N@Z 0000000180002670 f i Cooking.obj
 0001:000016a0       ?getName@?$PxReflectionAllocator@VBV4TriangleMesh@Gu@physx@@@physx@@CAPEBD_N@Z 00000001800026a0 f i Cooking.obj
 0001:000016d0       ?getName@?$PxReflectionAllocator@VBVH@Gu@physx@@@physx@@CAPEBD_N@Z 00000001800026d0 f i Cooking.obj
 0001:00001700       ?getNbPrimitives@AABBTreeBuildNode@Gu@physx@@QEBAIXZ 0000000180002700 f i Cooking.obj
 0001:00001710       ?getNbRuntimePrimitives@AABBTreeBuildNode@Gu@physx@@QEBAIXZ 0000000180002710 f i Cooking.obj
 0001:00001720       ?getNeg@AABBTreeBuildNode@Gu@physx@@QEBAPEBV123@XZ 0000000180002720 f i Cooking.obj
 0001:00001760       ?getPos@AABBTreeBuildNode@Gu@physx@@QEBAPEBV123@XZ 0000000180002760 f i Cooking.obj
 0001:00001770       ?getPrimitives@AABBTreeBuildNode@Gu@physx@@QEAAPEAIPEAI@Z 0000000180002770 f i Cooking.obj
 0001:00001790       ?getPrimitives@AABBTreeBuildNode@Gu@physx@@QEBAPEBIPEBI@Z 0000000180002790 f i Cooking.obj
 0001:000017b0       ?grow@?$PxArray@USlab@NodeAllocator@Gu@physx@@V?$PxReflectionAllocator@USlab@NodeAllocator@Gu@physx@@@4@@physx@@IEAAXI@Z 00000001800027b0 f i Cooking.obj
 0001:00001810       ?isInUserMemory@?$PxArray@USlab@NodeAllocator@Gu@physx@@V?$PxReflectionAllocator@USlab@NodeAllocator@Gu@physx@@@4@@physx@@QEBAIXZ 0000000180002810 f i Cooking.obj
 0001:00001830       ?isLeaf@AABBTreeBuildNode@Gu@physx@@QEBA_NXZ 0000000180002830 f i Cooking.obj
 0001:00001870       ?memSet@intrinsics@physx@@YAPEAXPEAXHI@Z 0000000180002870 f i Cooking.obj
 0001:000018a0       ?moveFrom@AABBTreeBounds@Gu@physx@@QEAAXAEAV123@@Z 00000001800028a0 f i Cooking.obj
 0001:000018d0       ?name@type_info@@QEBAPEBDXZ 00000001800028d0 f i Cooking.obj
 0001:00001900       ?ownsMemory@AABBTreeBounds@Gu@physx@@QEBA_NXZ 0000000180002900 f i Cooking.obj
 0001:00001930       ?recreate@?$PxArray@USlab@NodeAllocator@Gu@physx@@V?$PxReflectionAllocator@USlab@NodeAllocator@Gu@physx@@@4@@physx@@IEAAXI@Z 0000000180002930 f i Cooking.obj
 0001:00001a30       ?reserve@?$PxArray@USlab@NodeAllocator@Gu@physx@@V?$PxReflectionAllocator@USlab@NodeAllocator@Gu@physx@@@4@@physx@@QEAAXI@Z 0000000180002a30 f i Cooking.obj
 0001:00001a60       ?reset@AABBTreeBuildParams@Gu@physx@@QEAAXXZ 0000000180002a60 f i Cooking.obj
 0001:00001ad0       ?setBounds@AABBTreeBounds@Gu@physx@@QEAAXPEAVPxBounds3@3@@Z 0000000180002ad0 f i Cooking.obj
 0001:00001b00       ?setNbRunTimePrimitives@AABBTreeBuildNode@Gu@physx@@QEAAXI@Z 0000000180002b00 f i Cooking.obj
 0001:00001b20       ?size@?$PxArray@USlab@NodeAllocator@Gu@physx@@V?$PxReflectionAllocator@USlab@NodeAllocator@Gu@physx@@@4@@physx@@QEBAIXZ 0000000180002b20 f i Cooking.obj
 0001:00001b30       ?takeOwnership@AABBTreeBounds@Gu@physx@@QEAAXXZ 0000000180002b30 f i Cooking.obj
 0001:00001b50       PxSetPhysXCookingDelayLoadHook 0000000180002b50 f   WindowsCookingDelayLoadHook.obj
 0001:00001b70       ?cookingDelayHook@@YAP6A_JXZIPEAUDelayLoadInfo@@@Z 0000000180002b70 f   WindowsCookingDelayLoadHook.obj
 0001:00001bf0       ?loadLibrary@Cm@physx@@YAPEAUHINSTANCE__@@PEBD@Z 0000000180002bf0 f i WindowsCookingDelayLoadHook.obj
 0001:00001c10       ?physXCommonDliNotePreLoadLibrary@Cm@physx@@YAP6A_JXZPEBDPEBVPxDelayLoadHook@2@@Z 0000000180002c10 f i WindowsCookingDelayLoadHook.obj
 0001:00001c9b       __imp_load_getInsertionCallback 0000000180002c9b f   PhysXCommon_64:PhysXCommon_64.dll
 0001:00001ca7       getInsertionCallback       0000000180002ca7 f   PhysXCommon_64:PhysXCommon_64.dll
 0001:00001cad       __tailMerge_physxcommon_64_dll 0000000180002cad     PhysXCommon_64:PhysXCommon_64.dll
 0001:00001d26       __imp_load_cookBVH         0000000180002d26 f   PhysXCommon_64:PhysXCommon_64.dll
 0001:00001d32       cookBVH                    0000000180002d32 f   PhysXCommon_64:PhysXCommon_64.dll
 0001:00001d38       __imp_load_createBVH       0000000180002d38 f   PhysXCommon_64:PhysXCommon_64.dll
 0001:00001d44       createBVH                  0000000180002d44 f   PhysXCommon_64:PhysXCommon_64.dll
 0001:00001d4a       __imp_load_cookHeightField 0000000180002d4a f   PhysXCommon_64:PhysXCommon_64.dll
 0001:00001d56       cookHeightField            0000000180002d56 f   PhysXCommon_64:PhysXCommon_64.dll
 0001:00001d5c       __imp_load_createHeightField 0000000180002d5c f   PhysXCommon_64:PhysXCommon_64.dll
 0001:00001d68       createHeightField          0000000180002d68 f   PhysXCommon_64:PhysXCommon_64.dll
 0001:00001d6e       __imp_load_cookConvexMesh  0000000180002d6e f   PhysXCommon_64:PhysXCommon_64.dll
 0001:00001d7a       cookConvexMesh             0000000180002d7a f   PhysXCommon_64:PhysXCommon_64.dll
 0001:00001d80       __imp_load_createConvexMesh 0000000180002d80 f   PhysXCommon_64:PhysXCommon_64.dll
 0001:00001d8c       createConvexMesh           0000000180002d8c f   PhysXCommon_64:PhysXCommon_64.dll
 0001:00001d92       __imp_load_validateConvexMesh 0000000180002d92 f   PhysXCommon_64:PhysXCommon_64.dll
 0001:00001d9e       validateConvexMesh         0000000180002d9e f   PhysXCommon_64:PhysXCommon_64.dll
 0001:00001da4       __imp_load_computeHullPolygons 0000000180002da4 f   PhysXCommon_64:PhysXCommon_64.dll
 0001:00001db0       computeHullPolygons        0000000180002db0 f   PhysXCommon_64:PhysXCommon_64.dll
 0001:00001db6       __imp_load_validateTriangleMesh 0000000180002db6 f   PhysXCommon_64:PhysXCommon_64.dll
 0001:00001dc2       validateTriangleMesh       0000000180002dc2 f   PhysXCommon_64:PhysXCommon_64.dll
 0001:00001dc8       __imp_load_createTriangleMesh 0000000180002dc8 f   PhysXCommon_64:PhysXCommon_64.dll
 0001:00001dd4       createTriangleMesh         0000000180002dd4 f   PhysXCommon_64:PhysXCommon_64.dll
 0001:00001dda       __imp_load_cookTriangleMesh 0000000180002dda f   PhysXCommon_64:PhysXCommon_64.dll
 0001:00001de6       cookTriangleMesh           0000000180002de6 f   PhysXCommon_64:PhysXCommon_64.dll
 0001:00001dec       __imp_load_cookTetrahedronMesh 0000000180002dec f   PhysXCommon_64:PhysXCommon_64.dll
 0001:00001df8       cookTetrahedronMesh        0000000180002df8 f   PhysXCommon_64:PhysXCommon_64.dll
 0001:00001dfe       __imp_load_createTetrahedronMesh 0000000180002dfe f   PhysXCommon_64:PhysXCommon_64.dll
 0001:00001e0a       createTetrahedronMesh      0000000180002e0a f   PhysXCommon_64:PhysXCommon_64.dll
 0001:00001e10       __imp_load_cookSoftBodyMesh 0000000180002e10 f   PhysXCommon_64:PhysXCommon_64.dll
 0001:00001e1c       cookSoftBodyMesh           0000000180002e1c f   PhysXCommon_64:PhysXCommon_64.dll
 0001:00001e22       __imp_load_createSoftBodyMesh 0000000180002e22 f   PhysXCommon_64:PhysXCommon_64.dll
 0001:00001e2e       createSoftBodyMesh         0000000180002e2e f   PhysXCommon_64:PhysXCommon_64.dll
 0001:00001e34       __imp_load_computeModelsMapping 0000000180002e34 f   PhysXCommon_64:PhysXCommon_64.dll
 0001:00001e40       computeModelsMapping       0000000180002e40 f   PhysXCommon_64:PhysXCommon_64.dll
 0001:00001e46       __imp_load_computeCollisionData 0000000180002e46 f   PhysXCommon_64:PhysXCommon_64.dll
 0001:00001e52       computeCollisionData       0000000180002e52 f   PhysXCommon_64:PhysXCommon_64.dll
 0001:00001e58       __imp_load_computeSimulationData 0000000180002e58 f   PhysXCommon_64:PhysXCommon_64.dll
 0001:00001e64       computeSimulationData      0000000180002e64 f   PhysXCommon_64:PhysXCommon_64.dll
 0001:00001e6a       __imp_load_assembleSoftBodyMesh 0000000180002e6a f   PhysXCommon_64:PhysXCommon_64.dll
 0001:00001e76       assembleSoftBodyMesh       0000000180002e76 f   PhysXCommon_64:PhysXCommon_64.dll
 0001:00001e7c       __imp_load_assembleSoftBodyMesh_Sim 0000000180002e7c f   PhysXCommon_64:PhysXCommon_64.dll
 0001:00001e88       assembleSoftBodyMesh_Sim   0000000180002e88 f   PhysXCommon_64:PhysXCommon_64.dll
 0001:00001e8e       __imp_load_?release@AABBTreeBounds@Gu@physx@@QEAAXXZ 0000000180002e8e f   PhysXCommon_64:PhysXCommon_64.dll
 0001:00001e9a       ?release@AABBTreeBounds@Gu@physx@@QEAAXXZ 0000000180002e9a f   PhysXCommon_64:PhysXCommon_64.dll
 0001:00001ea0       __imp_load_??0BVH@Gu@physx@@QEAA@AEBUPxBVHInternalData@2@@Z 0000000180002ea0 f   PhysXCommon_64:PhysXCommon_64.dll
 0001:00001eac       ??0BVH@Gu@physx@@QEAA@AEBUPxBVHInternalData@2@@Z 0000000180002eac f   PhysXCommon_64:PhysXCommon_64.dll
 0001:00001eb2       __imp_load_??0BV4TriangleMesh@Gu@physx@@QEAA@AEBUPxTriangleMeshInternalData@2@@Z 0000000180002eb2 f   PhysXCommon_64:PhysXCommon_64.dll
 0001:00001ebe       ??0BV4TriangleMesh@Gu@physx@@QEAA@AEBUPxTriangleMeshInternalData@2@@Z 0000000180002ebe f   PhysXCommon_64:PhysXCommon_64.dll
 0001:00001ec4       __imp_load_?PxAssert@physx@@YAXPEBD0HAEA_N@Z 0000000180002ec4 f   PhysXFoundation_64:PhysXFoundation_64.dll
 0001:00001ed0       ?PxAssert@physx@@YAXPEBD0HAEA_N@Z 0000000180002ed0 f   PhysXFoundation_64:PhysXFoundation_64.dll
 0001:00001ed6       __tailMerge_physxfoundation_64_dll 0000000180002ed6     PhysXFoundation_64:PhysXFoundation_64.dll
 0001:00001f4f       __imp_load_PxGetBroadcastAllocator 0000000180002f4f f   PhysXFoundation_64:PhysXFoundation_64.dll
 0001:00001f5b       PxGetBroadcastAllocator    0000000180002f5b f   PhysXFoundation_64:PhysXFoundation_64.dll
 0001:00001f61       LoadLibraryA               0000000180002f61 f   kernel32:KERNEL32.dll
 0001:00001f68       ??$PFromRva@PEAP6A_JXZ@@YAPEAP6A_JXZK@Z 0000000180002f68 f i Delayimp:delayhlp.obj
 0001:00001f78       ??$PFromRva@PEAPEAUHINSTANCE__@@@@YAPEAPEAUHINSTANCE__@@K@Z 0000000180002f78 f i Delayimp:delayhlp.obj
 0001:00001f88       ??$PFromRva@PEAU_IMAGE_IMPORT_BY_NAME@@@@YAPEAU_IMAGE_IMPORT_BY_NAME@@K@Z 0000000180002f88 f i Delayimp:delayhlp.obj
 0001:00001f98       ??$PFromRva@PEAU_IMAGE_THUNK_DATA64@@@@YAPEAU_IMAGE_THUNK_DATA64@@K@Z 0000000180002f98 f i Delayimp:delayhlp.obj
 0001:00001fa8       ??$PFromRva@PEBD@@YAPEBDK@Z 0000000180002fa8 f i Delayimp:delayhlp.obj
 0001:00001fb8       ??$PFromRva@PEBUImgDelayDescr@@@@YAPEBUImgDelayDescr@@K@Z 0000000180002fb8 f i Delayimp:delayhlp.obj
 0001:00001fc8       ??$PFromRva@PEBU_IMAGE_THUNK_DATA64@@@@YAPEBU_IMAGE_THUNK_DATA64@@K@Z 0000000180002fc8 f i Delayimp:delayhlp.obj
 0001:00001fd8       ?CountOfImports@@YAIPEBU_IMAGE_THUNK_DATA64@@@Z 0000000180002fd8 f i Delayimp:delayhlp.obj
 0001:00001fec       ?DloadAcquireSectionWriteAccess@@YAXXZ 0000000180002fec f i Delayimp:delayhlp.obj
 0001:00002098       ?DloadGetSRWLockFunctionPointers@@YAEXZ 0000000180003098 f i Delayimp:delayhlp.obj
 0001:00002138       ?DloadLock@@YAXXZ          0000000180003138 f i Delayimp:delayhlp.obj
 0001:00002180       ?DloadMakePermanentImageCommit@@YAXPEAX_K@Z 0000000180003180 f i Delayimp:delayhlp.obj
 0001:00002218       ?DloadObtainSection@@YAPEAXPEAK0@Z 0000000180003218 f i Delayimp:delayhlp.obj
 0001:000022b4       ?DloadProtectSection@@YAXKPEAK@Z 00000001800032b4 f i Delayimp:delayhlp.obj
 0001:00002344       ?DloadReleaseSectionWriteAccess@@YAXXZ 0000000180003344 f i Delayimp:delayhlp.obj
 0001:000023d8       ?DloadUnlock@@YAXXZ        00000001800033d8 f i Delayimp:delayhlp.obj
 0001:00002418       ?IndexFromPImgThunkData@@YAIPEBU_IMAGE_THUNK_DATA64@@0@Z 0000000180003418 f i Delayimp:delayhlp.obj
 0001:00002560       HRESULT_FROM_WIN32         0000000180003560 f i Delayimp:delayhlp.obj
 0001:00002570       ReadAcquire64              0000000180003570 f i Delayimp:delayhlp.obj
 0001:00002574       ReadPointerAcquire         0000000180003574 f i Delayimp:delayhlp.obj
 0001:00002578       WritePointerRelease        0000000180003578 f i Delayimp:delayhlp.obj
 0001:0000257c       WriteRelease64             000000018000357c f i Delayimp:delayhlp.obj
 0001:00002580       __FUnloadDelayLoadedDLL2   0000000180003580 f   Delayimp:delayhlp.obj
 0001:0000263c       __HrLoadAllImportsForDll   000000018000363c f   Delayimp:delayhlp.obj
 0001:000026b0       __delayLoadHelper2         00000001800036b0 f   Delayimp:delayhlp.obj
 0001:00002990       ??3@YAXPEAX@Z              0000000180003990 f   MSVCRTD:delete_scalar.obj
 0001:000029b0       ??3@YAXPEAX_K@Z            00000001800039b0 f   MSVCRTD:delete_scalar_size.obj
 0001:000029d0       ??_V@YAXPEAX@Z             00000001800039d0 f   MSVCRTD:delete_array.obj
 0001:000029f0       ??_V@YAXPEAX_K@Z           00000001800039f0 f   MSVCRTD:delete_array_size.obj
 0001:00002a10       _CRT_RTC_INIT              0000000180003a10 f   MSVCRTD:init.obj
 0001:00002a20       _CRT_RTC_INITW             0000000180003a20 f   MSVCRTD:init.obj
 0001:00002a30       _RTC_InitBase              0000000180003a30 f   MSVCRTD:init.obj
 0001:00002a70       _RTC_Shutdown              0000000180003a70 f   MSVCRTD:init.obj
 0001:00002aa0       ??1type_info@@UEAA@XZ      0000000180003aa0 f   MSVCRTD:std_type_info_static.obj
 0001:00002ac0       ??_Etype_info@@UEAAPEAXI@Z 0000000180003ac0 f i MSVCRTD:std_type_info_static.obj
 0001:00002ac0       ??_Gtype_info@@UEAAPEAXI@Z 0000000180003ac0 f i MSVCRTD:std_type_info_static.obj
 0001:00002b00       ?__scrt_initialize_type_info@@YAXXZ 0000000180003b00 f   MSVCRTD:tncleanup.obj
 0001:00002b20       ?__scrt_uninitialize_type_info@@YAXXZ 0000000180003b20 f   MSVCRTD:tncleanup.obj
 0001:00002f50       _CRT_INIT                  0000000180003f50 f   MSVCRTD:dll_dllmain.obj
 0001:00002f80       _DllMainCRTStartup         0000000180003f80 f   MSVCRTD:dll_dllmain.obj
 0001:00002fc0       _guard_check_icall_nop     0000000180003fc0 f i MSVCRTD:guard_support.obj
 0001:00002fd0       ReadNoFence64              0000000180003fd0 f i MSVCRTD:guard_support.obj
 0001:00002ff0       ReadPointerNoFence         0000000180003ff0 f i MSVCRTD:guard_support.obj
 0001:00003010       __castguard_check_failure_debugbreak 0000000180004010 f i MSVCRTD:guard_support.obj
 0001:00003030       __castguard_check_failure_fastfail 0000000180004030 f i MSVCRTD:guard_support.obj
 0001:00003060       __castguard_check_failure_nop 0000000180004060 f i MSVCRTD:guard_support.obj
 0001:00003070       __castguard_check_failure_os_handled 0000000180004070 f i MSVCRTD:guard_support.obj
 0001:00003140       __castguard_slow_path_check_debugbreak 0000000180004140 f i MSVCRTD:guard_support.obj
 0001:00003180       __castguard_slow_path_check_fastfail 0000000180004180 f i MSVCRTD:guard_support.obj
 0001:000031d0       __castguard_slow_path_check_nop 00000001800041d0 f i MSVCRTD:guard_support.obj
 0001:000031e0       __castguard_slow_path_check_os_handled 00000001800041e0 f i MSVCRTD:guard_support.obj
 0001:000032a0       _guard_icall_checks_enforced 00000001800042a0 f i MSVCRTD:guard_support.obj
 0001:000032e0       _guard_rf_checks_enforced  00000001800042e0 f i MSVCRTD:guard_support.obj
 0001:000032f0       ?_RTC_GetErrorFunc@@YAP6AHHPEBDH00ZZPEBX@Z 00000001800042f0 f   MSVCRTD:userapi.obj
 0001:00003300       ?_RTC_GetErrorFuncW@@YAP6AHHPEB_WH00ZZPEBX@Z 0000000180004300 f   MSVCRTD:userapi.obj
 0001:00003310       _RTC_GetErrDesc            0000000180004310 f   MSVCRTD:userapi.obj
 0001:00003330       _RTC_NumErrors             0000000180004330 f   MSVCRTD:userapi.obj
 0001:00003340       _RTC_SetErrorFunc          0000000180004340 f   MSVCRTD:userapi.obj
 0001:00003360       _RTC_SetErrorFuncW         0000000180004360 f   MSVCRTD:userapi.obj
 0001:00003380       _RTC_SetErrorType          0000000180004380 f   MSVCRTD:userapi.obj
 0001:00003460       __security_init_cookie     0000000180004460 f   MSVCRTD:gs_support.obj
 0001:000034e0       DllMain                    00000001800044e0 f   MSVCRTD:dll_dllmain_stub.obj
 0001:00003520       __local_stdio_printf_options 0000000180004520 f i MSVCRTD:default_local_stdio_options.obj
 0001:00003530       __local_stdio_scanf_options 0000000180004530 f i MSVCRTD:default_local_stdio_options.obj
 0001:00003540       __scrt_initialize_default_local_stdio_options 0000000180004540 f   MSVCRTD:default_local_stdio_options.obj
 0001:00003590       ?configure_argv@__scrt_narrow_argv_policy@@SAHXZ 0000000180004590 f i MSVCRTD:utility.obj
 0001:00003680       ?initialize_environment@__scrt_narrow_environment_policy@@SAHXZ 0000000180004680 f i MSVCRTD:utility.obj
 0001:00003720       NtCurrentTeb               0000000180004720 f i MSVCRTD:utility.obj
 0001:00003730       __scrt_acquire_startup_lock 0000000180004730 f   MSVCRTD:utility.obj
 0001:000037a0       __scrt_dllmain_after_initialize_c 00000001800047a0 f   MSVCRTD:utility.obj
 0001:000037d0       __scrt_dllmain_before_initialize_c 00000001800047d0 f   MSVCRTD:utility.obj
 0001:000037f0       __scrt_dllmain_crt_thread_attach 00000001800047f0 f   MSVCRTD:utility.obj
 0001:00003820       __scrt_dllmain_crt_thread_detach 0000000180004820 f   MSVCRTD:utility.obj
 0001:00003840       __scrt_dllmain_exception_filter 0000000180004840 f   MSVCRTD:utility.obj
 0001:000038b0       __scrt_dllmain_uninitialize_c 00000001800048b0 f   MSVCRTD:utility.obj
 0001:000038e0       __scrt_dllmain_uninitialize_critical 00000001800048e0 f   MSVCRTD:utility.obj
 0001:00003900       __scrt_initialize_crt      0000000180004900 f   MSVCRTD:utility.obj
 0001:00003950       __scrt_initialize_onexit_tables 0000000180004950 f   MSVCRTD:utility.obj
 0001:00003a60       __scrt_is_nonwritable_in_current_image 0000000180004a60 f   MSVCRTD:utility.obj
 0001:00003af0       __scrt_release_startup_lock 0000000180004af0 f   MSVCRTD:utility.obj
 0001:00003b20       __scrt_uninitialize_crt    0000000180004b20 f   MSVCRTD:utility.obj
 0001:00003b60       _onexit                    0000000180004b60 f   MSVCRTD:utility.obj
 0001:00003be0       at_quick_exit              0000000180004be0 f   MSVCRTD:utility.obj
 0001:00003c30       atexit                     0000000180004c30 f   MSVCRTD:utility.obj
 0001:00003c70       __scrt_get_dyn_tls_init_callback 0000000180004c70 f   MSVCRTD:dyn_tls_init.obj
 0001:00003c80       __crt_debugger_hook        0000000180004c80 f   MSVCRTD:utility_desktop.obj
 0001:00003c90       __scrt_fastfail            0000000180004c90 f   MSVCRTD:utility_desktop.obj
 0001:00003e30       __scrt_get_show_window_mode 0000000180004e30 f   MSVCRTD:utility_desktop.obj
 0001:00003e90       __scrt_initialize_mta      0000000180004e90 f   MSVCRTD:utility_desktop.obj
 0001:00003ea0       __scrt_initialize_winrt    0000000180004ea0 f   MSVCRTD:utility_desktop.obj
 0001:00003eb0       __scrt_is_managed_app      0000000180004eb0 f   MSVCRTD:utility_desktop.obj
 0001:00003f60       __scrt_set_unhandled_exception_filter 0000000180004f60 f   MSVCRTD:utility_desktop.obj
 0001:00003f80       __scrt_exe_initialize_mta  0000000180004f80 f   MSVCRTD:utility_desktop.obj
 0001:00003f80       __scrt_stub_for_initialize_mta 0000000180004f80 f   MSVCRTD:utility_desktop.obj
 0001:00003f90       __scrt_unhandled_exception_filter 0000000180004f90 f   MSVCRTD:utility_desktop.obj
 0001:00004030       _RTC_Initialize            0000000180005030 f   MSVCRTD:initsect.obj
 0001:00004080       _RTC_Terminate             0000000180005080 f   MSVCRTD:initsect.obj
 0001:00004160       ?_RTC_AllocaFailure@@YAXPEAXPEAU_RTC_ALLOCA_NODE@@H@Z 0000000180005160 f   MSVCRTD:error.obj
 0001:000042c0       ?_RTC_Failure@@YAXPEAXH@Z  00000001800052c0 f   MSVCRTD:error.obj
 0001:00004310       ?_RTC_StackFailure@@YAXPEAXPEBD@Z 0000000180005310 f   MSVCRTD:error.obj
 0001:00004740       _RTC_UninitUse             0000000180005740 f   MSVCRTD:error.obj
 0001:00004810       _vsprintf_s_l              0000000180005810 f i MSVCRTD:error.obj
 0001:00004880       sprintf_s                  0000000180005880 f i MSVCRTD:error.obj
 0001:000048b0       __isa_available_init       00000001800058b0 f   MSVCRTD:cpu_disp.obj
 0001:00004c60       _get_startup_argv_mode     0000000180005c60 f   MSVCRTD:argv_mode.obj
 0001:00004c70       __scrt_is_ucrt_dll_in_use  0000000180005c70 f   MSVCRTD:ucrt_detection.obj
 0001:000051c0       ?_RTC_GetSrcLine@@YAHPEAEPEA_WKPEAH1K@Z 00000001800061c0 f   MSVCRTD:pdblkup.obj
 0001:00005590       __GSHandlerCheck           0000000180006590 f   MSVCRTD:gshandler.obj
 0001:000055d0       __GSHandlerCheckCommon     00000001800065d0 f   MSVCRTD:gshandler.obj
 0001:000056e0       __security_check_cookie    00000001800066e0 f   MSVCRTD:amdsecgs.obj
 0001:00005700       __raise_securityfailure    0000000180006700 f   MSVCRTD:gs_report.obj
 0001:00005740       __report_gsfailure         0000000180006740 f   MSVCRTD:gs_report.obj
 0001:00005820       __report_rangecheckfailure 0000000180006820 f   MSVCRTD:gs_report.obj
 0001:00005840       __report_securityfailure   0000000180006840 f   MSVCRTD:gs_report.obj
 0001:000058e0       __report_securityfailureEx 00000001800068e0 f   MSVCRTD:gs_report.obj
 0001:00005b42       _purecall                  0000000180006b42 f   vcruntimed:VCRUNTIME140D.dll
 0001:00005b48       memset                     0000000180006b48 f   vcruntimed:VCRUNTIME140D.dll
 0001:00005b4e       __std_type_info_name       0000000180006b4e f   vcruntimed:VCRUNTIME140D.dll
 0001:00005b54       strstr                     0000000180006b54 f   vcruntimed:VCRUNTIME140D.dll
 0001:00005b5a       __std_type_info_destroy_list 0000000180006b5a f   vcruntimed:VCRUNTIME140D.dll
 0001:00005b60       __C_specific_handler       0000000180006b60 f   vcruntimed:VCRUNTIME140D.dll
 0001:00005b66       __current_exception        0000000180006b66 f   vcruntimed:VCRUNTIME140D.dll
 0001:00005b6c       __current_exception_context 0000000180006b6c f   vcruntimed:VCRUNTIME140D.dll
 0001:00005b72       __C_specific_handler_noexcept 0000000180006b72 f   vcruntimed:VCRUNTIME140D.dll
 0001:00005b78       __vcrt_GetModuleFileNameW  0000000180006b78 f   vcruntimed:VCRUNTIME140D.dll
 0001:00005b7e       __vcrt_GetModuleHandleW    0000000180006b7e f   vcruntimed:VCRUNTIME140D.dll
 0001:00005b84       __vcrt_LoadLibraryExW      0000000180006b84 f   vcruntimed:VCRUNTIME140D.dll
 0001:00005b8a       memcpy                     0000000180006b8a f   vcruntimed:VCRUNTIME140D.dll
 0001:00005b90       _free_dbg                  0000000180006b90 f   ucrtd:ucrtbased.dll
 0001:00005b96       _CrtDbgReport              0000000180006b96 f   ucrtd:ucrtbased.dll
 0001:00005b9c       _CrtDbgReportW             0000000180006b9c f   ucrtd:ucrtbased.dll
 0001:00005ba2       _initterm                  0000000180006ba2 f   ucrtd:ucrtbased.dll
 0001:00005ba8       _initterm_e                0000000180006ba8 f   ucrtd:ucrtbased.dll
 0001:00005bae       _seh_filter_dll            0000000180006bae f   ucrtd:ucrtbased.dll
 0001:00005bb4       _configure_narrow_argv     0000000180006bb4 f   ucrtd:ucrtbased.dll
 0001:00005bba       _initialize_narrow_environment 0000000180006bba f   ucrtd:ucrtbased.dll
 0001:00005bc0       _initialize_onexit_table   0000000180006bc0 f   ucrtd:ucrtbased.dll
 0001:00005bc6       _register_onexit_function  0000000180006bc6 f   ucrtd:ucrtbased.dll
 0001:00005bcc       _execute_onexit_table      0000000180006bcc f   ucrtd:ucrtbased.dll
 0001:00005bd2       _crt_atexit                0000000180006bd2 f   ucrtd:ucrtbased.dll
 0001:00005bd8       _crt_at_quick_exit         0000000180006bd8 f   ucrtd:ucrtbased.dll
 0001:00005bde       _cexit                     0000000180006bde f   ucrtd:ucrtbased.dll
 0001:00005be4       terminate                  0000000180006be4 f   ucrtd:ucrtbased.dll
 0001:00005bea       strcpy_s                   0000000180006bea f   ucrtd:ucrtbased.dll
 0001:00005bf0       strcat_s                   0000000180006bf0 f   ucrtd:ucrtbased.dll
 0001:00005bf6       __stdio_common_vsprintf_s  0000000180006bf6 f   ucrtd:ucrtbased.dll
 0001:00005bfc       _wmakepath_s               0000000180006bfc f   ucrtd:ucrtbased.dll
 0001:00005c02       _wsplitpath_s              0000000180006c02 f   ucrtd:ucrtbased.dll
 0001:00005c08       wcscpy_s                   0000000180006c08 f   ucrtd:ucrtbased.dll
 0001:00005c0e       RaiseException             0000000180006c0e f   kernel32:KERNEL32.dll
 0001:00005c14       GetLastError               0000000180006c14 f   kernel32:KERNEL32.dll
 0001:00005c1a       GetSystemInfo              0000000180006c1a f   kernel32:KERNEL32.dll
 0001:00005c20       VirtualProtect             0000000180006c20 f   kernel32:KERNEL32.dll
 0001:00005c26       VirtualQuery               0000000180006c26 f   kernel32:KERNEL32.dll
 0001:00005c2c       FreeLibrary                0000000180006c2c f   kernel32:KERNEL32.dll
 0001:00005c32       GetModuleHandleW           0000000180006c32 f   kernel32:KERNEL32.dll
 0001:00005c38       GetProcAddress             0000000180006c38 f   kernel32:KERNEL32.dll
 0001:00005c3e       LoadLibraryExA             0000000180006c3e f   kernel32:KERNEL32.dll
 0001:00005c44       InitializeSListHead        0000000180006c44 f   kernel32:KERNEL32.dll
 0001:00005c4a       QueryPerformanceCounter    0000000180006c4a f   kernel32:KERNEL32.dll
 0001:00005c50       GetCurrentProcessId        0000000180006c50 f   kernel32:KERNEL32.dll
 0001:00005c56       GetCurrentThreadId         0000000180006c56 f   kernel32:KERNEL32.dll
 0001:00005c5c       GetSystemTimeAsFileTime    0000000180006c5c f   kernel32:KERNEL32.dll
 0001:00005c62       DisableThreadLibraryCalls  0000000180006c62 f   kernel32:KERNEL32.dll
 0001:00005c68       RtlCaptureContext          0000000180006c68 f   kernel32:KERNEL32.dll
 0001:00005c6e       RtlLookupFunctionEntry     0000000180006c6e f   kernel32:KERNEL32.dll
 0001:00005c74       RtlVirtualUnwind           0000000180006c74 f   kernel32:KERNEL32.dll
 0001:00005c7a       IsDebuggerPresent          0000000180006c7a f   kernel32:KERNEL32.dll
 0001:00005c80       UnhandledExceptionFilter   0000000180006c80 f   kernel32:KERNEL32.dll
 0001:00005c86       SetUnhandledExceptionFilter 0000000180006c86 f   kernel32:KERNEL32.dll
 0001:00005c8c       GetStartupInfoW            0000000180006c8c f   kernel32:KERNEL32.dll
 0001:00005c92       IsProcessorFeaturePresent  0000000180006c92 f   kernel32:KERNEL32.dll
 0001:00005c98       MultiByteToWideChar        0000000180006c98 f   kernel32:KERNEL32.dll
 0001:00005c9e       WideCharToMultiByte        0000000180006c9e f   kernel32:KERNEL32.dll
 0001:00005ca4       HeapAlloc                  0000000180006ca4 f   kernel32:KERNEL32.dll
 0001:00005caa       HeapFree                   0000000180006caa f   kernel32:KERNEL32.dll
 0001:00005cb0       GetProcessHeap             0000000180006cb0 f   kernel32:KERNEL32.dll
 0001:00005cb6       GetCurrentProcess          0000000180006cb6 f   kernel32:KERNEL32.dll
 0001:00005cbc       TerminateProcess           0000000180006cbc f   kernel32:KERNEL32.dll
 0001:00005cd0       __acrt_initialize          0000000180006cd0 f   MSVCRTD:ucrt_stubs.obj
 0001:00005cd0       __scrt_stub_for_acrt_initialize 0000000180006cd0 f   MSVCRTD:ucrt_stubs.obj
 0001:00005cd0       __vcrt_initialize          0000000180006cd0 f   MSVCRTD:ucrt_stubs.obj
 0001:00005ce0       __acrt_thread_attach       0000000180006ce0 f   MSVCRTD:ucrt_stubs.obj
 0001:00005ce0       __scrt_stub_for_acrt_thread_attach 0000000180006ce0 f   MSVCRTD:ucrt_stubs.obj
 0001:00005ce0       __vcrt_thread_attach       0000000180006ce0 f   MSVCRTD:ucrt_stubs.obj
 0001:00005cf0       __acrt_thread_detach       0000000180006cf0 f   MSVCRTD:ucrt_stubs.obj
 0001:00005cf0       __scrt_stub_for_acrt_thread_detach 0000000180006cf0 f   MSVCRTD:ucrt_stubs.obj
 0001:00005cf0       __vcrt_thread_detach       0000000180006cf0 f   MSVCRTD:ucrt_stubs.obj
 0001:00005d00       __acrt_uninitialize        0000000180006d00 f   MSVCRTD:ucrt_stubs.obj
 0001:00005d00       __scrt_stub_for_acrt_uninitialize 0000000180006d00 f   MSVCRTD:ucrt_stubs.obj
 0001:00005d00       __vcrt_uninitialize        0000000180006d00 f   MSVCRTD:ucrt_stubs.obj
 0001:00005d10       __acrt_uninitialize_critical 0000000180006d10 f   MSVCRTD:ucrt_stubs.obj
 0001:00005d10       __scrt_stub_for_acrt_uninitialize_critical 0000000180006d10 f   MSVCRTD:ucrt_stubs.obj
 0001:00005d10       __vcrt_uninitialize_critical 0000000180006d10 f   MSVCRTD:ucrt_stubs.obj
 0001:00005d20       __scrt_stub_for_is_c_termination_complete 0000000180006d20 f   MSVCRTD:ucrt_stubs.obj
 0001:00005d20       _is_c_termination_complete 0000000180006d20 f   MSVCRTD:ucrt_stubs.obj
 0001:00005d40       _guard_dispatch_icall_nop  0000000180006d40 f   MSVCRTD:guard_dispatch.obj
 0001:00005d60       _guard_xfg_dispatch_icall_nop 0000000180006d60 f   MSVCRTD:guard_xfg_dispatch.obj
 0002:00000000       __imp_LoadLibraryA         0000000180007000     kernel32:KERNEL32.dll
 0002:00000008       __imp_GetCurrentProcess    0000000180007008     kernel32:KERNEL32.dll
 0002:00000010       __imp_GetProcessHeap       0000000180007010     kernel32:KERNEL32.dll
 0002:00000018       __imp_HeapFree             0000000180007018     kernel32:KERNEL32.dll
 0002:00000020       __imp_HeapAlloc            0000000180007020     kernel32:KERNEL32.dll
 0002:00000028       __imp_WideCharToMultiByte  0000000180007028     kernel32:KERNEL32.dll
 0002:00000030       __imp_MultiByteToWideChar  0000000180007030     kernel32:KERNEL32.dll
 0002:00000038       __imp_IsProcessorFeaturePresent 0000000180007038     kernel32:KERNEL32.dll
 0002:00000040       __imp_GetStartupInfoW      0000000180007040     kernel32:KERNEL32.dll
 0002:00000048       __imp_SetUnhandledExceptionFilter 0000000180007048     kernel32:KERNEL32.dll
 0002:00000050       __imp_UnhandledExceptionFilter 0000000180007050     kernel32:KERNEL32.dll
 0002:00000058       __imp_IsDebuggerPresent    0000000180007058     kernel32:KERNEL32.dll
 0002:00000060       __imp_RtlVirtualUnwind     0000000180007060     kernel32:KERNEL32.dll
 0002:00000068       __imp_RtlLookupFunctionEntry 0000000180007068     kernel32:KERNEL32.dll
 0002:00000070       __imp_RtlCaptureContext    0000000180007070     kernel32:KERNEL32.dll
 0002:00000078       __imp_DisableThreadLibraryCalls 0000000180007078     kernel32:KERNEL32.dll
 0002:00000080       __imp_GetSystemTimeAsFileTime 0000000180007080     kernel32:KERNEL32.dll
 0002:00000088       __imp_GetCurrentThreadId   0000000180007088     kernel32:KERNEL32.dll
 0002:00000090       __imp_GetCurrentProcessId  0000000180007090     kernel32:KERNEL32.dll
 0002:00000098       __imp_QueryPerformanceCounter 0000000180007098     kernel32:KERNEL32.dll
 0002:000000a0       __imp_InitializeSListHead  00000001800070a0     kernel32:KERNEL32.dll
 0002:000000a8       __imp_LoadLibraryExA       00000001800070a8     kernel32:KERNEL32.dll
 0002:000000b0       __imp_GetProcAddress       00000001800070b0     kernel32:KERNEL32.dll
 0002:000000b8       __imp_GetModuleHandleW     00000001800070b8     kernel32:KERNEL32.dll
 0002:000000c0       __imp_FreeLibrary          00000001800070c0     kernel32:KERNEL32.dll
 0002:000000c8       __imp_VirtualQuery         00000001800070c8     kernel32:KERNEL32.dll
 0002:000000d0       __imp_VirtualProtect       00000001800070d0     kernel32:KERNEL32.dll
 0002:000000d8       __imp_GetSystemInfo        00000001800070d8     kernel32:KERNEL32.dll
 0002:000000e0       __imp_GetLastError         00000001800070e0     kernel32:KERNEL32.dll
 0002:000000e8       __imp_RaiseException       00000001800070e8     kernel32:KERNEL32.dll
 0002:000000f0       __imp_TerminateProcess     00000001800070f0     kernel32:KERNEL32.dll
 0002:000000f8       \177KERNEL32_NULL_THUNK_DATA 00000001800070f8     kernel32:KERNEL32.dll
 0002:00000100       __imp_strstr               0000000180007100     vcruntimed:VCRUNTIME140D.dll
 0002:00000108       __imp___std_type_info_destroy_list 0000000180007108     vcruntimed:VCRUNTIME140D.dll
 0002:00000110       __imp___C_specific_handler 0000000180007110     vcruntimed:VCRUNTIME140D.dll
 0002:00000118       __imp___current_exception  0000000180007118     vcruntimed:VCRUNTIME140D.dll
 0002:00000120       __imp___std_type_info_name 0000000180007120     vcruntimed:VCRUNTIME140D.dll
 0002:00000128       __imp__purecall            0000000180007128     vcruntimed:VCRUNTIME140D.dll
 0002:00000130       __imp___current_exception_context 0000000180007130     vcruntimed:VCRUNTIME140D.dll
 0002:00000138       __imp___C_specific_handler_noexcept 0000000180007138     vcruntimed:VCRUNTIME140D.dll
 0002:00000140       __imp___vcrt_GetModuleFileNameW 0000000180007140     vcruntimed:VCRUNTIME140D.dll
 0002:00000148       __imp___vcrt_GetModuleHandleW 0000000180007148     vcruntimed:VCRUNTIME140D.dll
 0002:00000150       __imp___vcrt_LoadLibraryExW 0000000180007150     vcruntimed:VCRUNTIME140D.dll
 0002:00000158       __imp_memcpy               0000000180007158     vcruntimed:VCRUNTIME140D.dll
 0002:00000160       __imp_memset               0000000180007160     vcruntimed:VCRUNTIME140D.dll
 0002:00000168       \177VCRUNTIME140D_NULL_THUNK_DATA 0000000180007168     vcruntimed:VCRUNTIME140D.dll
 0002:00000170       __imp__initterm_e          0000000180007170     ucrtd:ucrtbased.dll
 0002:00000178       __imp__initialize_narrow_environment 0000000180007178     ucrtd:ucrtbased.dll
 0002:00000180       __imp__CrtDbgReportW       0000000180007180     ucrtd:ucrtbased.dll
 0002:00000188       __imp__CrtDbgReport        0000000180007188     ucrtd:ucrtbased.dll
 0002:00000190       __imp__free_dbg            0000000180007190     ucrtd:ucrtbased.dll
 0002:00000198       __imp__seh_filter_dll      0000000180007198     ucrtd:ucrtbased.dll
 0002:000001a0       __imp__configure_narrow_argv 00000001800071a0     ucrtd:ucrtbased.dll
 0002:000001a8       __imp__initialize_onexit_table 00000001800071a8     ucrtd:ucrtbased.dll
 0002:000001b0       __imp__register_onexit_function 00000001800071b0     ucrtd:ucrtbased.dll
 0002:000001b8       __imp__execute_onexit_table 00000001800071b8     ucrtd:ucrtbased.dll
 0002:000001c0       __imp__crt_atexit          00000001800071c0     ucrtd:ucrtbased.dll
 0002:000001c8       __imp__crt_at_quick_exit   00000001800071c8     ucrtd:ucrtbased.dll
 0002:000001d0       __imp__cexit               00000001800071d0     ucrtd:ucrtbased.dll
 0002:000001d8       __imp_wcscpy_s             00000001800071d8     ucrtd:ucrtbased.dll
 0002:000001e0       __imp__wsplitpath_s        00000001800071e0     ucrtd:ucrtbased.dll
 0002:000001e8       __imp_terminate            00000001800071e8     ucrtd:ucrtbased.dll
 0002:000001f0       __imp___stdio_common_vsprintf_s 00000001800071f0     ucrtd:ucrtbased.dll
 0002:000001f8       __imp_strcat_s             00000001800071f8     ucrtd:ucrtbased.dll
 0002:00000200       __imp__initterm            0000000180007200     ucrtd:ucrtbased.dll
 0002:00000208       __imp_strcpy_s             0000000180007208     ucrtd:ucrtbased.dll
 0002:00000210       __imp__wmakepath_s         0000000180007210     ucrtd:ucrtbased.dll
 0002:00000218       \177ucrtbased_NULL_THUNK_DATA 0000000180007218     ucrtd:ucrtbased.dll
 0002:00000220       __guard_check_icall_fptr   0000000180007220     MSVCRTD:guard_support.obj
 0002:00000228       __guard_xfg_check_icall_fptr 0000000180007228     MSVCRTD:guard_support.obj
 0002:00000230       __guard_dispatch_icall_fptr 0000000180007230     MSVCRTD:guard_support.obj
 0002:00000238       __guard_xfg_dispatch_icall_fptr 0000000180007238     MSVCRTD:guard_support.obj
 0002:00000240       __guard_xfg_table_dispatch_icall_fptr 0000000180007240     MSVCRTD:guard_support.obj
 0002:00000248       __castguard_check_failure_os_handled_fptr 0000000180007248     MSVCRTD:guard_support.obj
 0002:00000250       __guard_memcpy_fptr        0000000180007250     vcruntimed:softmemtag.obj
 0002:00000258       __xc_a                     0000000180007258     MSVCRTD:initializers.obj
 0002:00000290       __xc_z                     0000000180007290     MSVCRTD:initializers.obj
 0002:00000298       __xi_a                     0000000180007298     MSVCRTD:initializers.obj
 0002:000002a0       __xi_z                     00000001800072a0     MSVCRTD:initializers.obj
 0002:000002a8       __xp_a                     00000001800072a8     MSVCRTD:initializers.obj
 0002:000002b0       __xp_z                     00000001800072b0     MSVCRTD:initializers.obj
 0002:000002b8       __xt_a                     00000001800072b8     MSVCRTD:initializers.obj
 0002:000002c0       __xt_z                     00000001800072c0     MSVCRTD:initializers.obj
 0002:000002d0       ?g_PXSinCoefficients0@aos@physx@@3UPX_VECTORF32@12@B 00000001800072d0     Cooking.obj
 0002:000002e0       ?g_PXSinCoefficients1@aos@physx@@3UPX_VECTORF32@12@B 00000001800072e0     Cooking.obj
 0002:000002f0       ?g_PXSinCoefficients2@aos@physx@@3UPX_VECTORF32@12@B 00000001800072f0     Cooking.obj
 0002:00000300       ?g_PXCosCoefficients0@aos@physx@@3UPX_VECTORF32@12@B 0000000180007300     Cooking.obj
 0002:00000310       ?g_PXCosCoefficients1@aos@physx@@3UPX_VECTORF32@12@B 0000000180007310     Cooking.obj
 0002:00000320       ?g_PXCosCoefficients2@aos@physx@@3UPX_VECTORF32@12@B 0000000180007320     Cooking.obj
 0002:00000330       ?g_PXReciprocalTwoPi@aos@physx@@3UPX_VECTORF32@12@B 0000000180007330     Cooking.obj
 0002:00000340       ?g_PXTwoPi@aos@physx@@3UPX_VECTORF32@12@B 0000000180007340     Cooking.obj
 0002:00000370       ??_7PxFoundation@physx@@6B@ 0000000180007370     Cooking.obj
 0002:000003e0       ??_C@_0FA@MOBDFOHJ@C?3?2Users?2KYKLOWOOD?2Desktop?2Phys@ 00000001800073e0     Cooking.obj
 0002:00000430       ??_C@_0BM@OIFKLHDN@?$DMallocation?5names?5disabled?$DO@ 0000000180007430     Cooking.obj
 0002:00000450       ??_C@_0EJ@KGKOHKIO@C?3?2Users?2KYKLOWOOD?2Desktop?2Phys@ 0000000180007450     Cooking.obj
 0002:000004a0       ??_C@_0BM@BMFMDKFG@this?9?$DOcapacity?$CI?$CJ?5?$DM?5capacity@ 00000001800074a0     Cooking.obj
 0002:000004c0       ??_C@_0CP@CPGGIPKL@?$CI?$CBcapacity?$CJ?5?$HM?$HM?5?$CInewData?5?$CG?$CG?5?$CInew@ 00000001800074c0     Cooking.obj
 0002:000004f0       __real@3a83126f            00000001800074f0     Cooking.obj
 0002:000004f4       __real@ba83126f            00000001800074f4     Cooking.obj
 0002:000004f8       ??_C@_0BA@EGLNOO@PhysXFoundation@ 00000001800074f8     WindowsCookingDelayLoadHook.obj
 0002:00000508       ??_C@_0M@ILKNCJKN@PhysXCommon@ 0000000180007508     WindowsCookingDelayLoadHook.obj
 0002:00000520       __sz_PhysXCommon_64_dll    0000000180007520     PhysXCommon_64:PhysXCommon_64.dll
 0002:00000540       __sz_PhysXFoundation_64_dll 0000000180007540     PhysXFoundation_64:PhysXFoundation_64.dll
 0002:00000558       ??_C@_1BK@DBDEIDLH@?$AAK?$AAE?$AAR?$AAN?$AAE?$AAL?$AA3?$AA2?$AA?4?$AAD?$AAL?$AAL@ 0000000180007558     Delayimp:delayhlp.obj
 0002:00000578       ??_C@_0BI@OMNLIJDB@AcquireSRWLockExclusive@ 0000000180007578     Delayimp:delayhlp.obj
 0002:00000590       ??_C@_0BI@HMIEPCNJ@ReleaseSRWLockExclusive@ 0000000180007590     Delayimp:delayhlp.obj
 0002:000005a8       __pfnDliFailureHook2       00000001800075a8     Delayimp:delayhk1.obj
 0002:000005b8       ??_7type_info@@6B@         00000001800075b8     MSVCRTD:std_type_info_static.obj
 0002:000005c0       _pDefaultRawDllMain        00000001800075c0     MSVCRTD:dll_dllmain.obj
 0002:000005c0       _pRawDllMain               00000001800075c0     MSVCRTD:dll_dllmain.obj
 0002:000005d0       _load_config_used          00000001800075d0     MSVCRTD:loadcfg.obj
 0002:00000738       ??_C@_0BJ@HEGAHDFO@Stack?5pointer?5corruption@ 0000000180007738     MSVCRTD:userapi.obj
 0002:00000758       ??_C@_0CK@FEGOIOPB@Cast?5to?5smaller?5type?5causing?5lo@ 0000000180007758     MSVCRTD:userapi.obj
 0002:00000788       ??_C@_0BI@CIGMDCBH@Stack?5memory?5corruption@ 0000000180007788     MSVCRTD:userapi.obj
 0002:000007a0       ??_C@_0CK@CNLNOEPB@Local?5variable?5used?5before?5init@ 00000001800077a0     MSVCRTD:userapi.obj
 0002:000007d0       ??_C@_0BP@OGBCLIBO@Stack?5around?5_alloca?5corrupted@ 00000001800077d0     MSVCRTD:userapi.obj
 0002:000008b0       ??_C@_0NN@JMPELKLB@The?5value?5of?5ESP?5was?5not?5proper@ 00000001800078b0     MSVCRTD:error.obj
 0002:00000990       ??_C@_0BBN@ELNNILBE@A?5cast?5to?5a?5smaller?5data?5type?5h@ 0000000180007990     MSVCRTD:error.obj
 0002:00000ab0       ??_C@_0BN@BPOGFMJL@Stack?5memory?5was?5corrupted?$AN?6@ 0000000180007ab0     MSVCRTD:error.obj
 0002:00000ad0       ??_C@_0DG@DAJCDLPN@A?5local?5variable?5was?5used?5befor@ 0000000180007ad0     MSVCRTD:error.obj
 0002:00000b08       ??_C@_0CM@JMIDGKLA@Stack?5memory?5around?5_alloca?5was@ 0000000180007b08     MSVCRTD:error.obj
 0002:00000b38       ??_C@_0BO@CHIONIOI@Unknown?5Runtime?5Check?5Error?$AN?6@ 0000000180007b38     MSVCRTD:error.obj
 0002:00000b60       ??_C@_1GM@CNOOJIHC@?$AAR?$AAu?$AAn?$AAt?$AAi?$AAm?$AAe?$AA?5?$AAC?$AAh?$AAe?$AAc?$AAk?$AA?5?$AAE@ 0000000180007b60     MSVCRTD:error.obj
 0002:00000bd0       ??_C@_1EA@NFKNIFJP@?$AAR?$AAu?$AAn?$AA?9?$AAT?$AAi?$AAm?$AAe?$AA?5?$AAC?$AAh?$AAe?$AAc?$AAk?$AA?5@ 0000000180007bd0     MSVCRTD:error.obj
 0002:00000c10       ??_C@_0BB@PFFGGCJP@Unknown?5Filename@ 0000000180007c10     MSVCRTD:error.obj
 0002:00000c28       ??_C@_0BE@GNBOBNCK@Unknown?5Module?5Name@ 0000000180007c28     MSVCRTD:error.obj
 0002:00000c40       ??_C@_0CA@IODNCDPG@Run?9Time?5Check?5Failure?5?$CD?$CFd?5?9?5?$CFs@ 0000000180007c40     MSVCRTD:error.obj
 0002:00000c60       ??_C@_0CG@IAFNJNEE@Stack?5corrupted?5near?5unknown?5va@ 0000000180007c60     MSVCRTD:error.obj
 0002:00000c88       ??_C@_05MKKEDADM@?$CF?42X?5@ 0000000180007c88     MSVCRTD:error.obj
 0002:00000c90       ??_C@_0EJ@LJKNEOLN@Stack?5area?5around?5_alloca?5memor@ 0000000180007c90     MSVCRTD:error.obj
 0002:00000cdc       ??_C@_01EEMJAFIK@?6@       0000000180007cdc     MSVCRTD:error.obj
 0002:00000ce0       ??_C@_02LLMPMKNF@?$DO?5@   0000000180007ce0     MSVCRTD:error.obj
 0002:00000ce8       ??_C@_08OMAHNMHJ@?6Data?3?5?$DM@ 0000000180007ce8     MSVCRTD:error.obj
 0002:00000cf8       ??_C@_0CK@DKGBICFE@?6Allocation?5number?5within?5this?5@ 0000000180007cf8     MSVCRTD:error.obj
 0002:00000d28       ??_C@_07DFDJCKFN@?6Size?3?5@ 0000000180007d28     MSVCRTD:error.obj
 0002:00000d30       ??_C@_0N@MHFFIMFG@?6Address?3?50x@ 0000000180007d30     MSVCRTD:error.obj
 0002:00000d40       ??_C@_0EI@CLEPFNGI@Stack?5area?5around?5_alloca?5memor@ 0000000180007d40     MSVCRTD:error.obj
 0002:00000d88       ??_C@_0BK@ODNDAGKB@?$CFs?$CFs?$CFp?$CFs?$CFzd?$CFs?$CFd?$CFs?$CFs?$CFs?$CFs?$CFs@ 0000000180007d88     MSVCRTD:error.obj
 0002:00000da8       ??_C@_0DE@OHJBPMBP@A?5variable?5is?5being?5used?5withou@ 0000000180007da8     MSVCRTD:error.obj
 0002:00000e40       ??_C@_1EI@MLPKHBGE@?$AAa?$AAp?$AAi?$AA?9?$AAm?$AAs?$AA?9?$AAw?$AAi?$AAn?$AA?9?$AAc?$AAo?$AAr?$AAe@ 0000000180007e40     MSVCRTD:pdblkup.obj
 0002:00000e88       ??_C@_1BK@JHLNAEJL@?$AAa?$AAd?$AAv?$AAa?$AAp?$AAi?$AA3?$AA2?$AA?4?$AAd?$AAl?$AAl@ 0000000180007e88     MSVCRTD:pdblkup.obj
 0002:00000ea8       ??_C@_0O@COHOBMLB@RegOpenKeyExW@ 0000000180007ea8     MSVCRTD:pdblkup.obj
 0002:00000eb8       ??_C@_0BB@GLNAEDBD@RegQueryValueExW@ 0000000180007eb8     MSVCRTD:pdblkup.obj
 0002:00000ed0       ??_C@_0M@HLOHPNFA@RegCloseKey@ 0000000180007ed0     MSVCRTD:pdblkup.obj
 0002:00000ee0       ??_C@_1HE@EBEAGLFB@?$AAS?$AAO?$AAF?$AAT?$AAW?$AAA?$AAR?$AAE?$AA?2?$AAW?$AAo?$AAw?$AA6?$AA4?$AA3@ 0000000180007ee0     MSVCRTD:pdblkup.obj
 0002:00000f58       ??_C@_1BG@EABPBLLF@?$AAP?$AAr?$AAo?$AAd?$AAu?$AAc?$AAt?$AAD?$AAi?$AAr@ 0000000180007f58     MSVCRTD:pdblkup.obj
 0002:00000f90       ??_C@_1BC@JINFINNJ@?$AAM?$AAS?$AAP?$AAD?$AAB?$AA1?$AA4?$AA0@ 0000000180007f90     MSVCRTD:pdblkup.obj
 0002:00000fa8       ??_C@_0BB@KCIACLNC@PDBOpenValidate5@ 0000000180007fa8     MSVCRTD:pdblkup.obj
 0002:00000fbc       ??_C@_01KDCPPGHE@r@        0000000180007fbc     MSVCRTD:pdblkup.obj
 0002:00001080       __CastGuardVftablesStart   0000000180008080     MSVCRTD:guard_support.obj
 0002:00001100       __CastGuardVftablesEnd     0000000180008100     MSVCRTD:guard_support.obj
 0002:00001180       ??_R4type_info@@6B@        0000000180008180     MSVCRTD:std_type_info_static.obj
 0002:000011a8       ??_R3type_info@@8          00000001800081a8     MSVCRTD:std_type_info_static.obj
 0002:000011c0       ??_R2type_info@@8          00000001800081c0     MSVCRTD:std_type_info_static.obj
 0002:000011d0       ??_R1A@?0A@EA@type_info@@8 00000001800081d0     MSVCRTD:std_type_info_static.obj
 0002:000011f4       __volatile_metadata        00000001800081f4     <linker-defined>
 0002:000016f0       __rtc_iaa                  00000001800086f0     MSVCRTD:initsect.obj
 0002:00001708       __rtc_izz                  0000000180008708     MSVCRTD:initsect.obj
 0002:00001710       __rtc_taa                  0000000180008710     MSVCRTD:initsect.obj
 0002:00001728       __rtc_tzz                  0000000180008728     MSVCRTD:initsect.obj
 0002:00001f14       __DELAY_IMPORT_DESCRIPTOR_physxcommon_64_dll 0000000180008f14     PhysXCommon_64:PhysXCommon_64.dll
 0002:00001f34       __DELAY_IMPORT_DESCRIPTOR_physxfoundation_64_dll 0000000180008f34     PhysXFoundation_64:PhysXFoundation_64.dll
 0002:00001f54       __NULL_DELAY_IMPORT_DESCRIPTOR 0000000180008f54     PhysXCommon_64:PhysXCommon_64.dll
 0002:00002038       \177PhysXCommon_64_NULL_THUNK_DATA_DLN 0000000180009038     PhysXCommon_64:PhysXCommon_64.dll
 0002:00002050       \177PhysXFoundation_64_NULL_THUNK_DATA_DLN 0000000180009050     PhysXFoundation_64:PhysXFoundation_64.dll
 0002:00002308       \177PhysXCommon_64_NULL_THUNK_DATA_DLB 0000000180009308     PhysXCommon_64:PhysXCommon_64.dll
 0002:000023d0       \177PhysXFoundation_64_NULL_THUNK_DATA_DLB 00000001800093d0     PhysXFoundation_64:PhysXFoundation_64.dll
 0002:00002ee4       __IMPORT_DESCRIPTOR_KERNEL32 0000000180009ee4     kernel32:KERNEL32.dll
 0002:00002ef8       __IMPORT_DESCRIPTOR_VCRUNTIME140D 0000000180009ef8     vcruntimed:VCRUNTIME140D.dll
 0002:00002f0c       __IMPORT_DESCRIPTOR_ucrtbased 0000000180009f0c     ucrtd:ucrtbased.dll
 0002:00002f20       __NULL_IMPORT_DESCRIPTOR   0000000180009f20     kernel32:KERNEL32.dll
 0003:00000000       __pfnDliNotifyHook2        000000018000b000     WindowsCookingDelayLoadHook.obj
 0003:00000008       _fltused                   000000018000b008     MSVCRTD:fltused.obj
 0003:0000000c       __scrt_native_dllmain_reason 000000018000b00c     MSVCRTD:utility.obj
 0003:00000010       __security_cookie_complement 000000018000b010     MSVCRTD:gs_cookie.obj
 0003:00000018       __security_cookie          000000018000b018     MSVCRTD:gs_cookie.obj
 0003:00000020       ?_RTC_ErrorLevels@@3PAHA   000000018000b020     MSVCRTD:error.obj
 0003:00000038       __isa_available            000000018000b038     MSVCRTD:cpu_disp.obj
 0003:0000003c       __isa_enabled              000000018000b03c     MSVCRTD:cpu_disp.obj
 0003:00000040       __memset_fast_string_threshold 000000018000b040     MSVCRTD:cpu_disp.obj
 0003:00000048       __memset_nt_threshold      000000018000b048     MSVCRTD:cpu_disp.obj
 0003:00000050       __scrt_ucrt_dll_is_in_use  000000018000b050     MSVCRTD:ucrt_stubs.obj
 0003:00000058       ??_R0?AVBVH@Gu@physx@@@8   000000018000b058     Cooking.obj
 0003:00000080       ??_R0?AVBV4TriangleMesh@Gu@physx@@@8 000000018000b080     Cooking.obj
 0003:000000b0       ??_R0?AUSlab@NodeAllocator@Gu@physx@@@8 000000018000b0b0     Cooking.obj
 0003:000000e8       ??_R0?AVtype_info@@@8      000000018000b0e8     MSVCRTD:std_type_info_static.obj
 0003:00000108       __imp_getInsertionCallback 000000018000b108     PhysXCommon_64:PhysXCommon_64.dll
 0003:00000110       __imp_??0BV4TriangleMesh@Gu@physx@@QEAA@AEBUPxTriangleMeshInternalData@2@@Z 000000018000b110     PhysXCommon_64:PhysXCommon_64.dll
 0003:00000118       __imp_cookBVH              000000018000b118     PhysXCommon_64:PhysXCommon_64.dll
 0003:00000120       __imp_createBVH            000000018000b120     PhysXCommon_64:PhysXCommon_64.dll
 0003:00000128       __imp_cookHeightField      000000018000b128     PhysXCommon_64:PhysXCommon_64.dll
 0003:00000130       __imp_createHeightField    000000018000b130     PhysXCommon_64:PhysXCommon_64.dll
 0003:00000138       __imp_cookConvexMesh       000000018000b138     PhysXCommon_64:PhysXCommon_64.dll
 0003:00000140       __imp_createConvexMesh     000000018000b140     PhysXCommon_64:PhysXCommon_64.dll
 0003:00000148       __imp_validateConvexMesh   000000018000b148     PhysXCommon_64:PhysXCommon_64.dll
 0003:00000150       __imp_computeHullPolygons  000000018000b150     PhysXCommon_64:PhysXCommon_64.dll
 0003:00000158       __imp_validateTriangleMesh 000000018000b158     PhysXCommon_64:PhysXCommon_64.dll
 0003:00000160       __imp_createTriangleMesh   000000018000b160     PhysXCommon_64:PhysXCommon_64.dll
 0003:00000168       __imp_cookTriangleMesh     000000018000b168     PhysXCommon_64:PhysXCommon_64.dll
 0003:00000170       __imp_cookTetrahedronMesh  000000018000b170     PhysXCommon_64:PhysXCommon_64.dll
 0003:00000178       __imp_createTetrahedronMesh 000000018000b178     PhysXCommon_64:PhysXCommon_64.dll
 0003:00000180       __imp_cookSoftBodyMesh     000000018000b180     PhysXCommon_64:PhysXCommon_64.dll
 0003:00000188       __imp_createSoftBodyMesh   000000018000b188     PhysXCommon_64:PhysXCommon_64.dll
 0003:00000190       __imp_computeModelsMapping 000000018000b190     PhysXCommon_64:PhysXCommon_64.dll
 0003:00000198       __imp_computeCollisionData 000000018000b198     PhysXCommon_64:PhysXCommon_64.dll
 0003:000001a0       __imp_computeSimulationData 000000018000b1a0     PhysXCommon_64:PhysXCommon_64.dll
 0003:000001a8       __imp_assembleSoftBodyMesh 000000018000b1a8     PhysXCommon_64:PhysXCommon_64.dll
 0003:000001b0       __imp_assembleSoftBodyMesh_Sim 000000018000b1b0     PhysXCommon_64:PhysXCommon_64.dll
 0003:000001b8       __imp_?release@AABBTreeBounds@Gu@physx@@QEAAXXZ 000000018000b1b8     PhysXCommon_64:PhysXCommon_64.dll
 0003:000001c0       __imp_??0BVH@Gu@physx@@QEAA@AEBUPxBVHInternalData@2@@Z 000000018000b1c0     PhysXCommon_64:PhysXCommon_64.dll
 0003:000001c8       \177PhysXCommon_64_NULL_THUNK_DATA_DLA 000000018000b1c8     PhysXCommon_64:PhysXCommon_64.dll
 0003:000001d0       __imp_PxGetBroadcastAllocator 000000018000b1d0     PhysXFoundation_64:PhysXFoundation_64.dll
 0003:000001d8       __imp_?PxAssert@physx@@YAXPEBD0HAEA_N@Z 000000018000b1d8     PhysXFoundation_64:PhysXFoundation_64.dll
 0003:000001e0       \177PhysXFoundation_64_NULL_THUNK_DATA_DLA 000000018000b1e0     PhysXFoundation_64:PhysXFoundation_64.dll
 0003:00000250       ?_ignore@?2??grow@?$PxArray@USlab@NodeAllocator@Gu@physx@@V?$PxReflectionAllocator@USlab@NodeAllocator@Gu@physx@@@4@@physx@@IEAAXI@Z@4_NA 000000018000b250     Cooking.obj
 0003:00000251       ?_ignore@?2??recreate@?$PxArray@USlab@NodeAllocator@Gu@physx@@V?$PxReflectionAllocator@USlab@NodeAllocator@Gu@physx@@@4@@physx@@IEAAXI@Z@4_NA 000000018000b251     Cooking.obj
 0003:00000260       __hmod__PhysXCommon_64_dll 000000018000b260     PhysXCommon_64:PhysXCommon_64.dll
 0003:00000268       __hmod__PhysXFoundation_64_dll 000000018000b268     PhysXFoundation_64:PhysXFoundation_64.dll
 0003:00000270       ?DloadKernel32@@3PEAUHINSTANCE__@@EA 000000018000b270     Delayimp:delayhlp.obj
 0003:00000278       ?DloadAcquireSRWLockExclusive@@3P6AXPEA_K@ZEA 000000018000b278     Delayimp:delayhlp.obj
 0003:00000280       ?DloadReleaseSRWLockExclusive@@3P6AXPEA_K@ZEA 000000018000b280     Delayimp:delayhlp.obj
 0003:00000288       ?DloadSrwLock@@3_KA        000000018000b288     Delayimp:delayhlp.obj
 0003:00000290       ?DloadSectionLockCount@@3KA 000000018000b290     Delayimp:delayhlp.obj
 0003:00000294       ?DloadSectionOldProtection@@3KA 000000018000b294     Delayimp:delayhlp.obj
 0003:00000298       ?DloadSectionCommitPermanent@@3KA 000000018000b298     Delayimp:delayhlp.obj
 0003:000002a0       ?__type_info_root_node@@3U__type_info_node@@A 000000018000b2a0     MSVCRTD:tncleanup.obj
 0003:000002c8       ?_OptionsStorage@?1??__local_stdio_printf_options@@9@4_KA 000000018000b2c8     MSVCRTD:default_local_stdio_options.obj
 0003:000002d0       ?_OptionsStorage@?1??__local_stdio_scanf_options@@9@4_KA 000000018000b2d0     MSVCRTD:default_local_stdio_options.obj
 0003:000002d8       __scrt_current_native_startup_state 000000018000b2d8     MSVCRTD:utility.obj
 0003:000002e0       __scrt_native_startup_lock 000000018000b2e0     MSVCRTD:utility.obj
 0003:00000320       __scrt_debugger_hook_flag  000000018000b320     MSVCRTD:utility_desktop.obj
 0003:00000324       __favor                    000000018000b324     MSVCRTD:cpu_disp.obj
 0003:000008b0       __dyn_tls_init_callback    000000018000b8b0     <common>

 entry point at        0001:00002f80

 Static symbols

 0000:ffff1000       .debug$S                   0000000180000000     PhysXCooking_64.exp
 0000:ffff1000       .debug$S                   0000000180000000     ucrtd:ucrtbased.dll
 0000:ffff1000       .debug$S                   0000000180000000     ucrtd:ucrtbased.dll
 0000:ffff1000       .debug$S                   0000000180000000     ucrtd:ucrtbased.dll
 0000:ffff1000       .debug$S                   0000000180000000     ucrtd:ucrtbased.dll
 0000:ffff1000       .debug$S                   0000000180000000     ucrtd:ucrtbased.dll
 0000:ffff1000       .debug$S                   0000000180000000     ucrtd:ucrtbased.dll
 0000:ffff1000       .debug$S                   0000000180000000     ucrtd:ucrtbased.dll
 0000:ffff1000       .debug$S                   0000000180000000     ucrtd:ucrtbased.dll
 0000:ffff1000       .debug$S                   0000000180000000     ucrtd:ucrtbased.dll
 0000:ffff1000       .debug$S                   0000000180000000     ucrtd:ucrtbased.dll
 0000:ffff1000       .debug$S                   0000000180000000     ucrtd:ucrtbased.dll
 0000:ffff1000       .debug$S                   0000000180000000     ucrtd:ucrtbased.dll
 0000:ffff1000       .debug$S                   0000000180000000     ucrtd:ucrtbased.dll
 0000:ffff1000       .debug$S                   0000000180000000     ucrtd:ucrtbased.dll
 0000:ffff1000       .debug$S                   0000000180000000     ucrtd:ucrtbased.dll
 0000:ffff1000       .debug$S                   0000000180000000     ucrtd:ucrtbased.dll
 0000:ffff1000       .debug$S                   0000000180000000     ucrtd:ucrtbased.dll
 0000:ffff1000       .debug$S                   0000000180000000     ucrtd:ucrtbased.dll
 0000:ffff1000       .debug$S                   0000000180000000     ucrtd:ucrtbased.dll
 0000:ffff1000       .debug$S                   0000000180000000     ucrtd:ucrtbased.dll
 0000:ffff1000       .debug$S                   0000000180000000     ucrtd:ucrtbased.dll
 0000:ffff1000       .debug$S                   0000000180000000     kernel32:KERNEL32.dll
 0000:ffff1000       .debug$S                   0000000180000000     kernel32:KERNEL32.dll
 0000:ffff1000       .debug$S                   0000000180000000     kernel32:KERNEL32.dll
 0000:ffff1000       .debug$S                   0000000180000000     kernel32:KERNEL32.dll
 0000:ffff1000       .debug$S                   0000000180000000     kernel32:KERNEL32.dll
 0000:ffff1000       .debug$S                   0000000180000000     kernel32:KERNEL32.dll
 0000:ffff1000       .debug$S                   0000000180000000     kernel32:KERNEL32.dll
 0000:ffff1000       .debug$S                   0000000180000000     kernel32:KERNEL32.dll
 0000:ffff1000       .debug$S                   0000000180000000     kernel32:KERNEL32.dll
 0000:ffff1000       .debug$S                   0000000180000000     kernel32:KERNEL32.dll
 0000:ffff1000       .debug$S                   0000000180000000     kernel32:KERNEL32.dll
 0000:ffff1000       .debug$S                   0000000180000000     kernel32:KERNEL32.dll
 0000:ffff1000       .debug$S                   0000000180000000     kernel32:KERNEL32.dll
 0000:ffff1000       .debug$S                   0000000180000000     kernel32:KERNEL32.dll
 0000:ffff1000       .debug$S                   0000000180000000     kernel32:KERNEL32.dll
 0000:ffff1000       .debug$S                   0000000180000000     kernel32:KERNEL32.dll
 0000:ffff1000       .debug$S                   0000000180000000     kernel32:KERNEL32.dll
 0000:ffff1000       .debug$S                   0000000180000000     kernel32:KERNEL32.dll
 0000:ffff1000       .debug$S                   0000000180000000     kernel32:KERNEL32.dll
 0000:ffff1000       .debug$S                   0000000180000000     kernel32:KERNEL32.dll
 0000:ffff1000       .debug$S                   0000000180000000     kernel32:KERNEL32.dll
 0000:ffff1000       .debug$S                   0000000180000000     kernel32:KERNEL32.dll
 0000:ffff1000       .debug$S                   0000000180000000     kernel32:KERNEL32.dll
 0000:ffff1000       .debug$S                   0000000180000000     kernel32:KERNEL32.dll
 0000:ffff1000       .debug$S                   0000000180000000     kernel32:KERNEL32.dll
 0000:ffff1000       .debug$S                   0000000180000000     kernel32:KERNEL32.dll
 0000:ffff1000       .debug$S                   0000000180000000     kernel32:KERNEL32.dll
 0000:ffff1000       .debug$S                   0000000180000000     kernel32:KERNEL32.dll
 0000:ffff1000       .debug$S                   0000000180000000     kernel32:KERNEL32.dll
 0000:ffff1000       .debug$S                   0000000180000000     kernel32:KERNEL32.dll
 0000:ffff1000       .debug$S                   0000000180000000     kernel32:KERNEL32.dll
 0000:00000000       _volmd                     0000000180000000     Delayimp:delayhlp.obj
 0000:00000000       _volmd                     0000000180000000     Delayimp:delayhlp.obj
 0000:00000000       _volmd                     0000000180000000     Delayimp:delayhlp.obj
 0000:00000000       _volmd                     0000000180000000     Delayimp:delayhlp.obj
 0000:00000000       _volmd                     0000000180000000     Delayimp:delayhlp.obj
 0000:00000000       _volmd                     0000000180000000     Delayimp:delayhlp.obj
 0000:00000000       _volmd                     0000000180000000     Delayimp:delayhlp.obj
 0000:00000000       _volmd                     0000000180000000     Delayimp:delayhlp.obj
 0000:00000000       _volmd                     0000000180000000     Delayimp:delayhlp.obj
 0000:00000000       _volmd                     0000000180000000     Delayimp:delayhlp.obj
 0000:00000000       _volmd                     0000000180000000     Delayimp:delayhlp.obj
 0000:00000000       _volmd                     0000000180000000     MSVCRTD:cpu_disp.obj
 0002:ffff9000       __guard_ehcont_?dllmain_dispatch@@YAHQEAUHINSTANCE__@@KQEAX@Z 0000000180000000     MSVCRTD:dll_dllmain.obj
 0002:ffff9000       __guard_fids_?dllmain_dispatch@@YAHQEAUHINSTANCE__@@KQEAX@Z 0000000180000000     MSVCRTD:dll_dllmain.obj
 0002:ffff9000       __guard_ehcont_?notify_debugger@@YAXAEBUtagEXCEPTION_VISUALCPP_DEBUG_INFO@@@Z 0000000180000000     MSVCRTD:error.obj
 0000:00000000       _volmd                     0000000180000000     MSVCRTD:gs_report.obj
 0000:00000000       _volmd                     0000000180000000     MSVCRTD:gs_report.obj
 0000:00000000       _volmd                     0000000180000000     MSVCRTD:gs_report.obj
 0002:ffff9000       __guard_fids__             0000000180000000     MSVCRTD:guard_support.obj
 0002:ffff9000       __guard_fids__             0000000180000000     MSVCRTD:guard_support.obj
 0002:ffff9000       __guard_fids__guard_icall_checks_enforced 0000000180000000     MSVCRTD:guard_support.obj
 0000:00000000       _volmd                     0000000180000000     MSVCRTD:guard_support.obj
 0000:00000000       _volmd                     0000000180000000     MSVCRTD:guard_support.obj
 0002:ffff9000       __guard_fids__CRT_RTC_INIT 0000000180000000     MSVCRTD:init.obj
 0002:ffff9000       __guard_fids__CRT_RTC_INITW 0000000180000000     MSVCRTD:init.obj
 0002:ffff9000       __guard_fids__             0000000180000000     MSVCRTD:std_type_info_static.obj
 0002:ffff9000       __guard_ehcont___scrt_is_nonwritable_in_current_image 0000000180000000     MSVCRTD:utility.obj
 0000:00000000       _volmd                     0000000180000000     MSVCRTD:utility.obj
 0000:00000000       _volmd                     0000000180000000     MSVCRTD:utility.obj
 0000:00000000       _volmd                     0000000180000000     MSVCRTD:utility.obj
 0002:ffff9000       __guard_fids___scrt_set_unhandled_exception_filter 0000000180000000     MSVCRTD:utility_desktop.obj
 0000:00000000       _volmd                     0000000180000000     MSVCRTD:utility_desktop.obj
 0002:ffff9000       __guard_fids__             0000000180000000     vcruntimed:softmemtag.obj
 0000:ffff1000       .debug$S                   0000000180000000     vcruntimed:VCRUNTIME140D.dll
 0000:ffff1000       .debug$S                   0000000180000000     vcruntimed:VCRUNTIME140D.dll
 0000:ffff1000       .debug$S                   0000000180000000     vcruntimed:VCRUNTIME140D.dll
 0000:ffff1000       .debug$S                   0000000180000000     vcruntimed:VCRUNTIME140D.dll
 0000:ffff1000       .debug$S                   0000000180000000     vcruntimed:VCRUNTIME140D.dll
 0000:ffff1000       .debug$S                   0000000180000000     vcruntimed:VCRUNTIME140D.dll
 0000:ffff1000       .debug$S                   0000000180000000     vcruntimed:VCRUNTIME140D.dll
 0000:ffff1000       .debug$S                   0000000180000000     vcruntimed:VCRUNTIME140D.dll
 0000:ffff1000       .debug$S                   0000000180000000     vcruntimed:VCRUNTIME140D.dll
 0000:ffff1000       .debug$S                   0000000180000000     vcruntimed:VCRUNTIME140D.dll
 0000:ffff1000       .debug$S                   0000000180000000     vcruntimed:VCRUNTIME140D.dll
 0000:ffff1000       .debug$S                   0000000180000000     vcruntimed:VCRUNTIME140D.dll
 0000:ffff1000       .debug$S                   0000000180000000     vcruntimed:VCRUNTIME140D.dll
 0000:ffff1000       .debug$S                   0000000180000000     PhysXCommon_64:PhysXCommon_64.dll
 0000:ffff1000       .debug$S                   0000000180000000     PhysXCommon_64:PhysXCommon_64.dll
 0000:ffff1000       .debug$S                   0000000180000000     PhysXCommon_64:PhysXCommon_64.dll
 0000:ffff1000       .debug$S                   0000000180000000     PhysXCommon_64:PhysXCommon_64.dll
 0000:ffff1000       .debug$S                   0000000180000000     PhysXCommon_64:PhysXCommon_64.dll
 0000:ffff1000       .debug$S                   0000000180000000     PhysXCommon_64:PhysXCommon_64.dll
 0000:ffff1000       .debug$S                   0000000180000000     PhysXCommon_64:PhysXCommon_64.dll
 0000:ffff1000       .debug$S                   0000000180000000     PhysXCommon_64:PhysXCommon_64.dll
 0000:ffff1000       .debug$S                   0000000180000000     PhysXCommon_64:PhysXCommon_64.dll
 0000:ffff1000       .debug$S                   0000000180000000     PhysXCommon_64:PhysXCommon_64.dll
 0000:ffff1000       .debug$S                   0000000180000000     PhysXCommon_64:PhysXCommon_64.dll
 0000:ffff1000       .debug$S                   0000000180000000     PhysXCommon_64:PhysXCommon_64.dll
 0000:ffff1000       .debug$S                   0000000180000000     PhysXCommon_64:PhysXCommon_64.dll
 0000:ffff1000       .debug$S                   0000000180000000     PhysXCommon_64:PhysXCommon_64.dll
 0000:ffff1000       .debug$S                   0000000180000000     PhysXCommon_64:PhysXCommon_64.dll
 0000:ffff1000       .debug$S                   0000000180000000     PhysXCommon_64:PhysXCommon_64.dll
 0000:ffff1000       .debug$S                   0000000180000000     PhysXCommon_64:PhysXCommon_64.dll
 0000:ffff1000       .debug$S                   0000000180000000     PhysXCommon_64:PhysXCommon_64.dll
 0000:ffff1000       .debug$S                   0000000180000000     PhysXCommon_64:PhysXCommon_64.dll
 0000:ffff1000       .debug$S                   0000000180000000     PhysXCommon_64:PhysXCommon_64.dll
 0000:ffff1000       .debug$S                   0000000180000000     PhysXCommon_64:PhysXCommon_64.dll
 0000:ffff1000       .debug$S                   0000000180000000     PhysXCommon_64:PhysXCommon_64.dll
 0000:ffff1000       .debug$S                   0000000180000000     PhysXCommon_64:PhysXCommon_64.dll
 0000:ffff1000       .debug$S                   0000000180000000     PhysXCommon_64:PhysXCommon_64.dll
 0000:ffff1000       .debug$S                   0000000180000000     PhysXFoundation_64:PhysXFoundation_64.dll
 0000:ffff1000       .debug$S                   0000000180000000     PhysXFoundation_64:PhysXFoundation_64.dll
 0001:00000000       ??__EmaxFError@vecMathTests@aos@physx@@YAXXZ 0000000180001000 f   Cooking.obj
 0001:00000030       ??__EmaxV3Error@vecMathTests@aos@physx@@YAXXZ 0000000180001030 f   Cooking.obj
 0001:00000060       ??__EmaxV4Error@vecMathTests@aos@physx@@YAXXZ 0000000180001060 f   Cooking.obj
 0001:00000090       ??__EminFError@vecMathTests@aos@physx@@YAXXZ 0000000180001090 f   Cooking.obj
 0001:000000c0       ??__EminV3Error@vecMathTests@aos@physx@@YAXXZ 00000001800010c0 f   Cooking.obj
 0001:000000f0       ??__EminV4Error@vecMathTests@aos@physx@@YAXXZ 00000001800010f0 f   Cooking.obj
 0001:00001bd4       $LN12                      0000000180002bd4     WindowsCookingDelayLoadHook.obj
 0001:00002410       ?FLoadedAtPreferredAddress@@YA_NPEAU_IMAGE_NT_HEADERS64@@PEAUHINSTANCE__@@@Z 0000000180003410 f   Delayimp:delayhlp.obj
 0001:00002424       ?OverlayIAT@@YAXPEAU_IMAGE_THUNK_DATA64@@PEBU1@@Z 0000000180003424 f   Delayimp:delayhlp.obj
 0001:0000245c       ?PiddFromDllName@@YAPEBUImgDelayDescr@@PEBD@Z 000000018000345c f   Delayimp:delayhlp.obj
[...]
 0002:000019d4       xdata                      00000001800089d4     PhysXCommon_64:PhysXCommon_64.dll
 0002:000019dc       xdata                      00000001800089dc     PhysXFoundation_64:PhysXFoundation_64.dll
 0002:000019e4       $unwind$__FUnloadDelayLoadedDLL2 00000001800089e4     Delayimp:delayhlp.obj
 0002:000019fc       $unwind$__HrLoadAllImportsForDll 00000001800089fc     Delayimp:delayhlp.obj
 0002:00001a0c       $unwind$?DloadGetSRWLockFunctionPointers@@YAEXZ 0000000180008a0c     Delayimp:delayhlp.obj
 0002:00001a18       $unwind$?DloadLock@@YAXXZ  0000000180008a18     Delayimp:delayhlp.obj
 0002:00001a20       $unwind$?DloadUnlock@@YAXXZ 0000000180008a20     Delayimp:delayhlp.obj
 0002:00001a28       $unwind$?DloadObtainSection@@YAPEAXPEAK0@Z 0000000180008a28     Delayimp:delayhlp.obj
 0002:00001a38       $unwind$?DloadMakePermanentImageCommit@@YAXPEAX_K@Z 0000000180008a38     Delayimp:delayhlp.obj
 0002:00001a44       $unwind$?DloadProtectSection@@YAXKPEAK@Z 0000000180008a44     Delayimp:delayhlp.obj
 0002:00001a54       $unwind$?DloadAcquireSectionWriteAccess@@YAXXZ 0000000180008a54     Delayimp:delayhlp.obj
 0002:00001a5c       $unwind$?DloadReleaseSectionWriteAccess@@YAXXZ 0000000180008a5c     Delayimp:delayhlp.obj
 0002:00001a64       $unwind$?PiddFromDllName@@YAPEBUImgDelayDescr@@PEBD@Z 0000000180008a64     Delayimp:delayhlp.obj
 0002:00001a6c       $unwind$__delayLoadHelper2 0000000180008a6c     Delayimp:delayhlp.obj
 0002:00001a88       $unwind$??3@YAXPEAX@Z      0000000180008a88     MSVCRTD:delete_scalar.obj
 0002:00001a90       $unwind$??3@YAXPEAX_K@Z    0000000180008a90     MSVCRTD:delete_scalar_size.obj
 0002:00001a98       $unwind$??_V@YAXPEAX@Z     0000000180008a98     MSVCRTD:delete_array.obj
 0002:00001aa0       $unwind$??_V@YAXPEAX_K@Z   0000000180008aa0     MSVCRTD:delete_array_size.obj
 0002:00001aa8       $unwind$_RTC_Shutdown      0000000180008aa8     MSVCRTD:init.obj
 0002:00001ab0       $unwind$_RTC_InitBase      0000000180008ab0     MSVCRTD:init.obj
 0002:00001ab8       $unwind$??_Gtype_info@@UEAAPEAXI@Z 0000000180008ab8     MSVCRTD:std_type_info_static.obj
 0002:00001ac0       $unwind$?__scrt_initialize_type_info@@YAXXZ 0000000180008ac0     MSVCRTD:tncleanup.obj
 0002:00001ac8       $unwind$?__scrt_uninitialize_type_info@@YAXXZ 0000000180008ac8     MSVCRTD:tncleanup.obj
 0002:00001ad0       $unwind$?dllmain_crt_process_attach@@YAHQEAUHINSTANCE__@@QEAX@Z 0000000180008ad0     MSVCRTD:dll_dllmain.obj
 0002:00001af0       $unwind$?fin$0@?0??dllmain_crt_process_attach@@YAHQEAUHINSTANCE__@@QEAX@Z@4HA 0000000180008af0     MSVCRTD:dll_dllmain.obj
 0002:00001af8       $unwind$?dllmain_crt_process_detach@@YAH_N@Z 0000000180008af8     MSVCRTD:dll_dllmain.obj
 0002:00001b28       $unwind$?fin$0@?0??dllmain_crt_process_detach@@YAH_N@Z@4HA 0000000180008b28     MSVCRTD:dll_dllmain.obj
 0002:00001b30       $unwind$?fin$1@?0??dllmain_crt_process_detach@@YAH_N@Z@4HA 0000000180008b30     MSVCRTD:dll_dllmain.obj
 0002:00001b38       $unwind$?dllmain_crt_dispatch@@YAHQEAUHINSTANCE__@@KQEAX@Z 0000000180008b38     MSVCRTD:dll_dllmain.obj
 0002:00001b40       $unwind$_CRT_INIT          0000000180008b40     MSVCRTD:dll_dllmain.obj
 0002:00001b48       $unwind$?dllmain_raw@@YAHQEAUHINSTANCE__@@KQEAX@Z 0000000180008b48     MSVCRTD:dll_dllmain.obj
 0002:00001b50       $unwind$?dllmain_dispatch@@YAHQEAUHINSTANCE__@@KQEAX@Z 0000000180008b50     MSVCRTD:dll_dllmain.obj
 0002:00001b70       $unwind$?filt$0@?0??dllmain_dispatch@@YAHQEAUHINSTANCE__@@KQEAX@Z@4HA 0000000180008b70     MSVCRTD:dll_dllmain.obj
 0002:00001b78       $unwind$_DllMainCRTStartup 0000000180008b78     MSVCRTD:dll_dllmain.obj
 0002:00001b80       $unwind$ReadNoFence64      0000000180008b80     MSVCRTD:guard_support.obj
 0002:00001b88       $unwind$ReadPointerNoFence 0000000180008b88     MSVCRTD:guard_support.obj
 0002:00001b90       $unwind$_guard_icall_checks_enforced 0000000180008b90     MSVCRTD:guard_support.obj
 0002:00001b98       $unwind$__castguard_compat_check 0000000180008b98     MSVCRTD:guard_support.obj
 0002:00001ba0       $unwind$__castguard_check_failure_os_handled_wrapper 0000000180008ba0     MSVCRTD:guard_support.obj
 0002:00001ba8       $unwind$__castguard_check_failure_debugbreak 0000000180008ba8     MSVCRTD:guard_support.obj
 0002:00001bb0       $unwind$__castguard_check_failure_fastfail 0000000180008bb0     MSVCRTD:guard_support.obj
 0002:00001bb8       $unwind$__castguard_check_failure_os_handled 0000000180008bb8     MSVCRTD:guard_support.obj
 0002:00001bc0       $unwind$__castguard_slow_path_compat_check 0000000180008bc0     MSVCRTD:guard_support.obj
 0002:00001bc8       $unwind$__castguard_slow_path_check_debugbreak 0000000180008bc8     MSVCRTD:guard_support.obj
 0002:00001bd0       $unwind$__castguard_slow_path_check_fastfail 0000000180008bd0     MSVCRTD:guard_support.obj
 0002:00001bd8       $unwind$__castguard_slow_path_check_os_handled 0000000180008bd8     MSVCRTD:guard_support.obj
 0002:00001be0       $unwind$__security_init_cookie 0000000180008be0     MSVCRTD:gs_support.obj
 0002:00001be8       $unwind$__get_entropy      0000000180008be8     MSVCRTD:gs_support.obj
 0002:00001bf0       $unwind$DllMain            0000000180008bf0     MSVCRTD:dll_dllmain_stub.obj
 0002:00001bf8       $unwind$__scrt_initialize_default_local_stdio_options 0000000180008bf8     MSVCRTD:default_local_stdio_options.obj
 0002:00001c00       $unwind$atexit             0000000180008c00     MSVCRTD:utility.obj
 0002:00001c08       $unwind$_onexit            0000000180008c08     MSVCRTD:utility.obj
 0002:00001c10       $unwind$at_quick_exit      0000000180008c10     MSVCRTD:utility.obj
 0002:00001c18       $unwind$__scrt_is_nonwritable_in_current_image 0000000180008c18     MSVCRTD:utility.obj
 0002:00001c38       $unwind$__scrt_is_nonwritable_in_current_image$filt$0 0000000180008c38     MSVCRTD:utility.obj
 0002:00001c40       $unwind$__scrt_acquire_startup_lock 0000000180008c40     MSVCRTD:utility.obj
 0002:00001c48       $unwind$__scrt_release_startup_lock 0000000180008c48     MSVCRTD:utility.obj
 0002:00001c50       $unwind$__scrt_initialize_crt 0000000180008c50     MSVCRTD:utility.obj
 0002:00001c58       $unwind$__scrt_uninitialize_crt 0000000180008c58     MSVCRTD:utility.obj
 0002:00001c60       $unwind$__scrt_initialize_onexit_tables 0000000180008c60     MSVCRTD:utility.obj
 0002:00001c6c       $unwind$__scrt_dllmain_exception_filter 0000000180008c6c     MSVCRTD:utility.obj
 0002:00001c74       $unwind$__scrt_dllmain_before_initialize_c 0000000180008c74     MSVCRTD:utility.obj
 0002:00001c7c       $unwind$__scrt_dllmain_after_initialize_c 0000000180008c7c     MSVCRTD:utility.obj
 0002:00001c84       $unwind$__scrt_dllmain_uninitialize_c 0000000180008c84     MSVCRTD:utility.obj
 0002:00001c8c       $unwind$__scrt_dllmain_uninitialize_critical 0000000180008c8c     MSVCRTD:utility.obj
 0002:00001c94       $unwind$__scrt_dllmain_crt_thread_attach 0000000180008c94     MSVCRTD:utility.obj
 0002:00001c9c       $unwind$__scrt_dllmain_crt_thread_detach 0000000180008c9c     MSVCRTD:utility.obj
 0002:00001ca4       $unwind$?configure_argv@__scrt_narrow_argv_policy@@SAHXZ 0000000180008ca4     MSVCRTD:utility.obj
 0002:00001cac       $unwind$?initialize_environment@__scrt_narrow_environment_policy@@SAHXZ 0000000180008cac     MSVCRTD:utility.obj
 0002:00001cb4       $unwind$?is_potentially_valid_image_base@@YA_NQEAX@Z 0000000180008cb4     MSVCRTD:utility.obj
 0002:00001cbc       $unwind$?find_pe_section@@YAPEAU_IMAGE_SECTION_HEADER@@QEAE_K@Z 0000000180008cbc     MSVCRTD:utility.obj
 0002:00001cc4       $unwind$__scrt_get_show_window_mode 0000000180008cc4     MSVCRTD:utility_desktop.obj
 0002:00001cd0       $unwind$__scrt_is_managed_app 0000000180008cd0     MSVCRTD:utility_desktop.obj
 0002:00001cd8       $unwind$__scrt_initialize_mta 0000000180008cd8     MSVCRTD:utility_desktop.obj
 0002:00001ce0       $unwind$__scrt_set_unhandled_exception_filter 0000000180008ce0     MSVCRTD:utility_desktop.obj
 0002:00001ce8       $unwind$__scrt_fastfail    0000000180008ce8     MSVCRTD:utility_desktop.obj
 0002:00001cf4       $unwind$__scrt_unhandled_exception_filter 0000000180008cf4     MSVCRTD:utility_desktop.obj
 0002:00001cfc       $unwind$_RTC_Initialize    0000000180008cfc     MSVCRTD:initsect.obj
 0002:00001d08       $unwind$_RTC_Terminate     0000000180008d08     MSVCRTD:initsect.obj
 0002:00001d18       $xdatasym                  0000000180008d18     MSVCRTD:guard_dispatch.obj
 0002:00001d20       $xdatasym                  0000000180008d20     MSVCRTD:guard_xfg_dispatch.obj
 0002:00001d24       $unwind$_RTC_UninitUse     0000000180008d24     MSVCRTD:error.obj
 0002:00001d3c       $unwind$?_RTC_StackFailure@@YAXPEAXPEBD@Z 0000000180008d3c     MSVCRTD:error.obj
 0002:00001d58       $unwind$?_RTC_AllocaFailure@@YAXPEAXPEAU_RTC_ALLOCA_NODE@@H@Z 0000000180008d58     MSVCRTD:error.obj
 0002:00001d70       $chain$0$?_RTC_AllocaFailure@@YAXPEAXPEAU_RTC_ALLOCA_NODE@@H@Z 0000000180008d70     MSVCRTD:error.obj
 0002:00001d84       $chain$1$?_RTC_AllocaFailure@@YAXPEAXPEAU_RTC_ALLOCA_NODE@@H@Z 0000000180008d84     MSVCRTD:error.obj
 0002:00001d94       $unwind$_vsprintf_s_l      0000000180008d94     MSVCRTD:error.obj
 0002:00001da8       $unwind$sprintf_s          0000000180008da8     MSVCRTD:error.obj
 0002:00001db0       $unwind$?notify_debugger@@YAXAEBUtagEXCEPTION_VISUALCPP_DEBUG_INFO@@@Z 0000000180008db0     MSVCRTD:error.obj
 0002:00001dd0       $unwind$?filt$0@?0??notify_debugger@@YAXAEBUtagEXCEPTION_VISUALCPP_DEBUG_INFO@@@Z@4HA 0000000180008dd0     MSVCRTD:error.obj
 0002:00001dd8       $unwind$?DebuggerProbe@@YA_NK@Z 0000000180008dd8     MSVCRTD:error.obj
 0002:00001de0       $unwind$?DebuggerRuntime@@YA_NKHPEAXPEB_W@Z 0000000180008de0     MSVCRTD:error.obj
 0002:00001de8       $unwind$?failwithmessage@@YAXPEAXHHPEBD@Z 0000000180008de8     MSVCRTD:error.obj
 0002:00001e0c       $unwind$?_getMemBlockDataString@@YAXPEAD0PEBD_K@Z 0000000180008e0c     MSVCRTD:error.obj
 0002:00001e1c       $chain$3$?_getMemBlockDataString@@YAXPEAD0PEBD_K@Z 0000000180008e1c     MSVCRTD:error.obj
 0002:00001e3c       $chain$4$?_getMemBlockDataString@@YAXPEAD0PEBD_K@Z 0000000180008e3c     MSVCRTD:error.obj
 0002:00001e4c       $unwind$__isa_available_init 0000000180008e4c     MSVCRTD:cpu_disp.obj
 0002:00001e5c       $unwind$__scrt_is_ucrt_dll_in_use 0000000180008e5c     MSVCRTD:ucrt_detection.obj
 0002:00001e64       $unwind$?_RTC_GetSrcLine@@YAHPEAEPEA_WKPEAH1K@Z 0000000180008e64     MSVCRTD:pdblkup.obj
 0002:00001e7c       $unwind$?GetPdbDllFromInstallPath@@YAPEAUHINSTANCE__@@XZ 0000000180008e7c     MSVCRTD:pdblkup.obj
 0002:00001ea0       $unwind$?GetPdbDllPathFromFilePath@@YAHPEB_WPEA_W_K@Z 0000000180008ea0     MSVCRTD:pdblkup.obj
 0002:00001eb8       $unwind$?GetPdbDll@@YAPEAUHINSTANCE__@@XZ 0000000180008eb8     MSVCRTD:pdblkup.obj
 0002:00001ec8       $unwind$__GSHandlerCheckCommon 0000000180008ec8     MSVCRTD:gshandler.obj
 0002:00001ed0       $unwind$__GSHandlerCheck   0000000180008ed0     MSVCRTD:gshandler.obj
 0002:00001ed8       $xdatasym                  0000000180008ed8     MSVCRTD:amdsecgs.obj
 0002:00001edc       $unwind$__report_securityfailure 0000000180008edc     MSVCRTD:gs_report.obj
 0002:00001ee4       $unwind$__report_securityfailureEx 0000000180008ee4     MSVCRTD:gs_report.obj
 0002:00001eec       $unwind$__report_rangecheckfailure 0000000180008eec     MSVCRTD:gs_report.obj
 0002:00001ef4       $unwind$__report_gsfailure 0000000180008ef4     MSVCRTD:gs_report.obj
 0002:00001efc       $unwind$capture_current_context 0000000180008efc     MSVCRTD:gs_report.obj
 0002:00001f04       $unwind$capture_previous_context 0000000180008f04     MSVCRTD:gs_report.obj
 0002:00001f0c       $unwind$__raise_securityfailure 0000000180008f0c     MSVCRTD:gs_report.obj
 0002:000023e0       .edata                     00000001800093e0     PhysXCooking_64.exp
 0002:00002408       rgpv                       0000000180009408     PhysXCooking_64.exp
 0002:000024f0       rgszName                   00000001800094f0     PhysXCooking_64.exp
 0002:000025d8       rgwOrd                     00000001800095d8     PhysXCooking_64.exp
 0002:0000264c       szName                     000000018000964c     PhysXCooking_64.exp
 0002:00002660       $N00001                    0000000180009660     PhysXCooking_64.exp
 0002:00002684       $N00002                    0000000180009684     PhysXCooking_64.exp
 0002:000026b3       $N00003                    00000001800096b3     PhysXCooking_64.exp
 0002:000026da       $N00004                    00000001800096da     PhysXCooking_64.exp
 0002:00002731       $N00005                    0000000180009731     PhysXCooking_64.exp
 0002:0000275c       $N00006                    000000018000975c     PhysXCooking_64.exp
 0002:00002782       $N00007                    0000000180009782     PhysXCooking_64.exp
 0002:000027a1       $N00008                    00000001800097a1     PhysXCooking_64.exp
 0002:000027c5       $N00009                    00000001800097c5     PhysXCooking_64.exp
 0002:000027ec       $N00010                    00000001800097ec     PhysXCooking_64.exp
 0002:00002815       $N00011                    0000000180009815     PhysXCooking_64.exp
 0002:00002834       $N00012                    0000000180009834     PhysXCooking_64.exp
 0002:00002867       $N00013                    0000000180009867     PhysXCooking_64.exp
 0002:0000289d       $N00014                    000000018000989d     PhysXCooking_64.exp
 0002:000028d5       $N00015                    00000001800098d5     PhysXCooking_64.exp
 0002:00002907       $N00016                    0000000180009907     PhysXCooking_64.exp
 0002:00002933       $N00017                    0000000180009933     PhysXCooking_64.exp
 0002:0000294f       $N00018                    000000018000994f     PhysXCooking_64.exp
 0002:00002979       $N00019                    0000000180009979     PhysXCooking_64.exp
 0002:000029b5       $N00020                    00000001800099b5     PhysXCooking_64.exp
 0002:000029f0       $N00021                    00000001800099f0     PhysXCooking_64.exp
 0002:00002a2b       $N00022                    0000000180009a2b     PhysXCooking_64.exp
 0002:00002a60       $N00023                    0000000180009a60     PhysXCooking_64.exp
 0002:00002a9c       $N00024                    0000000180009a9c     PhysXCooking_64.exp
 0002:00002acf       $N00025                    0000000180009acf     PhysXCooking_64.exp
 0002:00002b02       $N00026                    0000000180009b02     PhysXCooking_64.exp
 0002:00002b3c       $N00027                    0000000180009b3c     PhysXCooking_64.exp
 0002:00002b76       $N00028                    0000000180009b76     PhysXCooking_64.exp
 0002:00002ba3       $N00029                    0000000180009ba3     PhysXCooking_64.exp
 0002:00002bd6       $N00030                    0000000180009bd6     PhysXCooking_64.exp
 0002:00002c04       $N00031                    0000000180009c04     PhysXCooking_64.exp
 0002:00002c31       $N00032                    0000000180009c31     PhysXCooking_64.exp
 0002:00002c6d       $N00033                    0000000180009c6d     PhysXCooking_64.exp
 0002:00002caa       $N00034                    0000000180009caa     PhysXCooking_64.exp
 0002:00002cda       $N00035                    0000000180009cda     PhysXCooking_64.exp
 0002:00002cf1       $N00036                    0000000180009cf1     PhysXCooking_64.exp
 0002:00002d0c       $N00037                    0000000180009d0c     PhysXCooking_64.exp
 0002:00002d23       $N00038                    0000000180009d23     PhysXCooking_64.exp
 0002:00002d39       $N00039                    0000000180009d39     PhysXCooking_64.exp
 0002:00002d50       $N00040                    0000000180009d50     PhysXCooking_64.exp
 0002:00002d68       $N00041                    0000000180009d68     PhysXCooking_64.exp
 0002:00002d72       $N00042                    0000000180009d72     PhysXCooking_64.exp
 0002:00002d83       $N00043                    0000000180009d83     PhysXCooking_64.exp
 0002:00002d95       $N00044                    0000000180009d95     PhysXCooking_64.exp
 0002:00002da8       $N00045                    0000000180009da8     PhysXCooking_64.exp
 0002:00002dbe       $N00046                    0000000180009dbe     PhysXCooking_64.exp
 0002:00002dd1       $N00047                    0000000180009dd1     PhysXCooking_64.exp
 0002:00002ddd       $N00048                    0000000180009ddd     PhysXCooking_64.exp
 0002:00002df1       $N00049                    0000000180009df1     PhysXCooking_64.exp
 0002:00002e04       $N00050                    0000000180009e04     PhysXCooking_64.exp
 0002:00002e18       $N00051                    0000000180009e18     PhysXCooking_64.exp
 0002:00002e2d       $N00052                    0000000180009e2d     PhysXCooking_64.exp
 0002:00002e45       $N00053                    0000000180009e45     PhysXCooking_64.exp
 0002:00002e5a       $N00054                    0000000180009e5a     PhysXCooking_64.exp
 0002:00002e77       $N00055                    0000000180009e77     PhysXCooking_64.exp
 0002:00002e98       $N00056                    0000000180009e98     PhysXCooking_64.exp
 0002:00002eb7       $N00057                    0000000180009eb7     PhysXCooking_64.exp
 0002:00002ecc       $N00058                    0000000180009ecc     PhysXCooking_64.exp
 0002:00003168       .idata$6                   000000018000a168     kernel32:KERNEL32.dll
 0002:00003288       .idata$6                   000000018000a288     vcruntimed:VCRUNTIME140D.dll
 0002:00003424       .idata$6                   000000018000a424     ucrtd:ucrtbased.dll
 0003:000001f0       ?maxV3Error@vecMathTests@aos@physx@@3T__m128@@B 000000018000b1f0     Cooking.obj
 0003:00000200       ?minFError@vecMathTests@aos@physx@@3T__m128@@B 000000018000b200     Cooking.obj
 0003:00000210       ?maxV4Error@vecMathTests@aos@physx@@3T__m128@@B 000000018000b210     Cooking.obj
 0003:00000220       ?minV4Error@vecMathTests@aos@physx@@3T__m128@@B 000000018000b220     Cooking.obj
 0003:00000230       ?minV3Error@vecMathTests@aos@physx@@3T__m128@@B 000000018000b230     Cooking.obj
 0003:00000240       ?maxFError@vecMathTests@aos@physx@@3T__m128@@B 000000018000b240     Cooking.obj
 0003:00000258       ?gCookingDelayLoadHook@@3PEBVPxDelayLoadHook@physx@@EB 000000018000b258     WindowsCookingDelayLoadHook.obj
 0003:0000029c       ?init@?1??_RTC_InitBase@@9@4_NA 000000018000b29c     MSVCRTD:init.obj
 0003:000002b0       ?__proc_attached@@3HA      000000018000b2b0     MSVCRTD:dll_dllmain.obj
 0003:000002b8       ?_RTC_ErrorReportFunc@@3P6AHHPEBDH00ZZEA 000000018000b2b8     MSVCRTD:userapi.obj
 0003:000002c0       ?_RTC_ErrorReportFuncW@@3P6AHHPEB_WH00ZZEA 000000018000b2c0     MSVCRTD:userapi.obj
 0003:000002e8       ?is_initialized_as_dll@@3_NA 000000018000b2e8     MSVCRTD:utility.obj
 0003:000002e9       ?module_local_atexit_table_initialized@@3_NA 000000018000b2e9     MSVCRTD:utility.obj
 0003:000002f0       ?module_local_atexit_table@@3U_onexit_table_t@@A 000000018000b2f0     MSVCRTD:utility.obj
 0003:00000308       ?module_local_at_quick_exit_table@@3U_onexit_table_t@@A 000000018000b308     MSVCRTD:utility.obj
 0003:00000328       ?mspdb@@3PEAUHINSTANCE__@@EA 000000018000b328     MSVCRTD:pdblkup.obj
 0003:00000330       ?alreadyTried@?1??GetPdbDll@@YAPEAUHINSTANCE__@@XZ@4_NA 000000018000b330     MSVCRTD:pdblkup.obj
 0003:00000331       ?PDBOK@?1??_RTC_GetSrcLine@@YAHPEAEPEA_WKPEAH1K@Z@4_NA 000000018000b331     MSVCRTD:pdblkup.obj
 0003:00000340       GS_ExceptionRecord         000000018000b340     MSVCRTD:gs_report.obj
 0003:000003e0       GS_ContextRecord           000000018000b3e0     MSVCRTD:gs_report.obj
 0005:000000a0       $R000000                   000000018000d0a0     PhysXCooking.res
 0005:000003d0       $R000330                   000000018000d3d0     PhysXCooking.res
